Component: ARM Compiler 5.06 update 7 (build 960) Tool: armlink [4d3601]

==============================================================================

Section Cross References

    startup_stm32f407xx.o(RESET) refers to startup_stm32f407xx.o(STACK) for __initial_sp
    startup_stm32f407xx.o(RESET) refers to startup_stm32f407xx.o(.text) for Reset_Handler
    startup_stm32f407xx.o(RESET) refers to stm32f4xx_it.o(i.NMI_Handler) for NMI_Handler
    startup_stm32f407xx.o(RESET) refers to stm32f4xx_it.o(i.HardFault_Handler) for HardFault_Handler
    startup_stm32f407xx.o(RESET) refers to stm32f4xx_it.o(i.MemManage_Handler) for MemManage_Handler
    startup_stm32f407xx.o(RESET) refers to stm32f4xx_it.o(i.BusFault_Handler) for BusFault_Handler
    startup_stm32f407xx.o(RESET) refers to stm32f4xx_it.o(i.UsageFault_Handler) for UsageFault_Handler
    startup_stm32f407xx.o(RESET) refers to port.o(.emb_text) for SVC_Handler
    startup_stm32f407xx.o(RESET) refers to stm32f4xx_it.o(i.DebugMon_Handler) for DebugMon_Handler
    startup_stm32f407xx.o(RESET) refers to port.o(i.SysTick_Handler) for SysTick_Handler
    startup_stm32f407xx.o(RESET) refers to stm32f4xx_it.o(i.CAN1_RX0_IRQHandler) for CAN1_RX0_IRQHandler
    startup_stm32f407xx.o(RESET) refers to stm32f4xx_it.o(i.TIM1_UP_TIM10_IRQHandler) for TIM1_UP_TIM10_IRQHandler
    startup_stm32f407xx.o(RESET) refers to stm32f4xx_it.o(i.ETH_IRQHandler) for ETH_IRQHandler
    startup_stm32f407xx.o(.text) refers to system_stm32f4xx.o(i.SystemInit) for SystemInit
    startup_stm32f407xx.o(.text) refers to entry.o(.ARM.Collect$$$$00000000) for __main
    utils.o(i.Utils_CmdCreate) refers to utils.o(i.Utils_crc16) for Utils_crc16
    utils.o(i.Utils_CmdCreate) refers to config.o(.data) for SELF_NET_ID
    utils.o(i.Utils_crc16) refers to utils.o(.constdata) for .constdata
    utils.o(i.Utils_crc8) refers to utils.o(.constdata) for .constdata
    http.o(i.get_page_content) refers to strncmp.o(.text) for strncmp
    http.o(i.get_page_content) refers to strstr.o(.text) for strstr
    http.o(i.get_page_content) refers to strlen.o(.text) for strlen
    http.o(i.get_page_content) refers to http.o(.data) for .data
    http.o(i.http_request_handler) refers to tasks.o(i.vTaskSuspend) for vTaskSuspend
    http.o(i.http_request_handler) refers to api_lib.o(i.netconn_recv) for netconn_recv
    http.o(i.http_request_handler) refers to netbuf.o(i.netbuf_data) for netbuf_data
    http.o(i.http_request_handler) refers to memmovea.o(.text) for __aeabi_memcpy
    http.o(i.http_request_handler) refers to memseta.o(.text) for __aeabi_memclr4
    http.o(i.http_request_handler) refers to strchr.o(.text) for strchr
    http.o(i.http_request_handler) refers to strncmp.o(.text) for strncmp
    http.o(i.http_request_handler) refers to strstr.o(.text) for strstr
    http.o(i.http_request_handler) refers to printfa.o(i.__0sprintf) for __2sprintf
    http.o(i.http_request_handler) refers to http.o(i.get_page_content) for get_page_content
    http.o(i.http_request_handler) refers to strtol.o(.text) for strtol
    http.o(i.http_request_handler) refers to strncat.o(.text) for strncat
    http.o(i.http_request_handler) refers to netbuf.o(i.netbuf_delete) for netbuf_delete
    http.o(i.http_request_handler) refers to strlen.o(.text) for strlen
    http.o(i.http_request_handler) refers to api_lib.o(i.netconn_write_partly) for netconn_write_partly
    http.o(i.http_request_handler) refers to cmsis_os.o(i.osDelay) for osDelay
    http.o(i.http_request_handler) refers to api_lib.o(i.netconn_close) for netconn_close
    http.o(i.http_request_handler) refers to api_lib.o(i.netconn_delete) for netconn_delete
    http.o(i.http_request_handler) refers to http.o(.data) for .data
    http.o(i.http_server_task) refers to api_lib.o(i.netconn_new_with_proto_and_callback) for netconn_new_with_proto_and_callback
    http.o(i.http_server_task) refers to tasks.o(i.vTaskDelete) for vTaskDelete
    http.o(i.http_server_task) refers to api_lib.o(i.netconn_bind) for netconn_bind
    http.o(i.http_server_task) refers to api_lib.o(i.netconn_listen_with_backlog) for netconn_listen_with_backlog
    http.o(i.http_server_task) refers to tasks.o(i.xTaskCreate) for xTaskCreate
    http.o(i.http_server_task) refers to api_lib.o(i.netconn_accept) for netconn_accept
    http.o(i.http_server_task) refers to tasks.o(i.vTaskResume) for vTaskResume
    http.o(i.http_server_task) refers to cmsis_os.o(i.osDelay) for osDelay
    http.o(i.http_server_task) refers to http.o(i.http_request_handler) for http_request_handler
    http.o(.data) refers to http.o(.conststring) for .conststring
    websocket.o(i.create_ws_key_accept) refers to memseta.o(.text) for __aeabi_memclr
    websocket.o(i.create_ws_key_accept) refers to strstr.o(.text) for strstr
    websocket.o(i.create_ws_key_accept) refers to strchr.o(.text) for strchr
    websocket.o(i.create_ws_key_accept) refers to strncpy.o(.text) for strncpy
[...]
    xQueueGiveFromISR                        0x08016323   Thumb Code   160  queue.o(i.xQueueGiveFromISR)
    xQueueReceive                            0x080163c5   Thumb Code   322  queue.o(i.xQueueReceive)
    xQueueReceiveFromISR                     0x0801650d   Thumb Code   154  queue.o(i.xQueueReceiveFromISR)
    xQueueSemaphoreTake                      0x080165a9   Thumb Code   382  queue.o(i.xQueueSemaphoreTake)
    xTaskCheckForTimeOut                     0x0801672d   Thumb Code   122  tasks.o(i.xTaskCheckForTimeOut)
    xTaskCreate                              0x080167ad   Thumb Code   108  tasks.o(i.xTaskCreate)
    xTaskCreateStatic                        0x08016819   Thumb Code    96  tasks.o(i.xTaskCreateStatic)
    xTaskGetSchedulerState                   0x08016879   Thumb Code    24  tasks.o(i.xTaskGetSchedulerState)
    xTaskGetTickCount                        0x08016895   Thumb Code     6  tasks.o(i.xTaskGetTickCount)
    xTaskGetTickCountFromISR                 0x080168a1   Thumb Code    12  tasks.o(i.xTaskGetTickCountFromISR)
    xTaskIncrementTick                       0x080168b1   Thumb Code   202  tasks.o(i.xTaskIncrementTick)
    xTaskPriorityDisinherit                  0x08016985   Thumb Code   146  tasks.o(i.xTaskPriorityDisinherit)
    xTaskPriorityInherit                     0x08016a21   Thumb Code   138  tasks.o(i.xTaskPriorityInherit)
    xTaskRemoveFromEventList                 0x08016ab5   Thumb Code   108  tasks.o(i.xTaskRemoveFromEventList)
    xTaskResumeAll                           0x08016b2d   Thumb Code   190  tasks.o(i.xTaskResumeAll)
    memp_RX_POOL                             0x08016c30   Data          12  ethernetif.o(.constdata)
    AHBPrescTable                            0x08016d50   Data          16  system_stm32f4xx.o(.constdata)
    APBPrescTable                            0x08016d60   Data           8  system_stm32f4xx.o(.constdata)
    ethbroadcast                             0x08016d68   Data           6  ethernet.o(.constdata)
    ethzero                                  0x08016d6e   Data           6  ethernet.o(.constdata)
    netconn_aborted                          0x08016d74   Data           1  api_msg.o(.constdata)
    netconn_reset                            0x08016d75   Data           1  api_msg.o(.constdata)
    netconn_closed                           0x08016d76   Data           1  api_msg.o(.constdata)
    memp_UDP_PCB                             0x08016d78   Data          12  memp.o(.constdata)
    memp_TCP_PCB                             0x08016d84   Data          12  memp.o(.constdata)
    memp_TCP_PCB_LISTEN                      0x08016d90   Data          12  memp.o(.constdata)
    memp_TCP_SEG                             0x08016d9c   Data          12  memp.o(.constdata)
    memp_REASSDATA                           0x08016da8   Data          12  memp.o(.constdata)
    memp_FRAG_PBUF                           0x08016db4   Data          12  memp.o(.constdata)
    memp_NETBUF                              0x08016dc0   Data          12  memp.o(.constdata)
    memp_NETCONN                             0x08016dcc   Data          12  memp.o(.constdata)
    memp_TCPIP_MSG_API                       0x08016dd8   Data          12  memp.o(.constdata)
    memp_TCPIP_MSG_INPKT                     0x08016de4   Data          12  memp.o(.constdata)
    memp_SYS_TIMEOUT                         0x08016df0   Data          12  memp.o(.constdata)
    memp_NETDB                               0x08016dfc   Data          12  memp.o(.constdata)
    memp_PBUF                                0x08016e08   Data          12  memp.o(.constdata)
    memp_PBUF_POOL                           0x08016e14   Data          12  memp.o(.constdata)
    memp_pools                               0x08016e20   Data          56  memp.o(.constdata)
    tcp_pcb_lists                            0x08016e9c   Data          16  tcp.o(.constdata)
    lwip_cyclic_timers                       0x08016eac   Data          32  timeouts.o(.constdata)
    ip_addr_any                              0x08016ecc   Data           4  ip4_addr.o(.constdata)
    os_mutex_def_lwip_sys_mutex              0x08016ed0   Data           8  sys_arch.o(.constdata)
    __ctype_table                            0x08016ee8   Data         129  ctype_o.o(.constdata)
    Region$$Table$$Base                      0x080171f0   Number         0  anon$$obj.o(Region$$Table)
    Region$$Table$$Limit                     0x08017230   Number         0  anon$$obj.o(Region$$Table)
    HEADER_OK_RESPONSE                       0x10000000   Data           4  http.o(.data)
    HEADER_FORBIDDEN_RESPONSE                0x10000004   Data           4  http.o(.data)
    HEADER_NOT_FOUND_RESPOSE                 0x10000008   Data           4  http.o(.data)
    HEADER_JSON_RESPONSE                     0x1000000c   Data           4  http.o(.data)
    head_ws                                  0x10000010   Data           4  websocket.o(.data)
    ipaddr                                   0x10000018   Data           4  lwip.o(.data)
    netmask                                  0x1000001c   Data           4  lwip.o(.data)
    gw                                       0x10000020   Data           4  lwip.o(.data)
    IP_ADDRESS                               0x10000024   Data           4  lwip.o(.data)
    NETMASK_ADDRESS                          0x10000028   Data           4  lwip.o(.data)
    GATEWAY_ADDRESS                          0x1000002c   Data           4  lwip.o(.data)
    pxCurrentTCB                             0x10000034   Data           4  tasks.o(.data)
    lock_tcpip_core                          0x1000009c   Data           4  tcpip.o(.data)
    tcp_input_pcb                            0x100000e8   Data           4  tcp_in.o(.data)
    udp_pcbs                                 0x100000fc   Data           4  udp.o(.data)
    lwip_sys_mutex                           0x10000104   Data           4  sys_arch.o(.data)
    hcan1                                    0x1000010c   Data          40  can.o(.bss)
    huart1                                   0x10000134   Data          68  usart.o(.bss)
    DMARxDscrTab                             0x10000178   Data         160  ethernetif.o(.bss)
    DMATxDscrTab                             0x10000218   Data         160  ethernetif.o(.bss)
    heth                                     0x100002b8   Data         176  ethernetif.o(.bss)
    TxConfig                                 0x10000368   Data          56  ethernetif.o(.bss)
    DP83848                                  0x100003a0   Data          32  ethernetif.o(.bss)
    memp_memory_UDP_PCB_base                 0x100003c0   Data         131  memp.o(.bss)
    memp_memory_REASSDATA_base               0x10000443   Data         163  memp.o(.bss)
    memp_memory_TCPIP_MSG_INPKT_base         0x100004e6   Data         131  memp.o(.bss)
    memp_memory_SYS_TIMEOUT_base             0x10000569   Data          67  memp.o(.bss)
    memp_memory_NETDB_base                   0x100005ac   Data         311  memp.o(.bss)
    memp_memory_PBUF_base                    0x100006e3   Data         259  memp.o(.bss)
    __initial_sp                             0x100048e8   Data           0  startup_stm32f407xx.o(STACK)
    http_server                              0x20000000   Data       16540  config.o(.data)
    MainTaskHandle                           0x2000409c   Data           4  freertos.o(.data)
    SecondTaskHandle                         0x200040a0   Data           4  freertos.o(.data)
    RxPktSemaphore                           0x200040a8   Data           4  ethernetif.o(.data)
    TxPktSemaphore                           0x200040ac   Data           4  ethernetif.o(.data)
    DP83848_IOCtx                            0x200040b0   Data          20  ethernetif.o(.data)
    UsartSendTaskHandle                      0x200040c4   Data           4  app_usart.o(.data)
    uwTickFreq                               0x200040c8   Data           1  stm32f4xx_hal.o(.data)
    uwTickPrio                               0x200040cc   Data           4  stm32f4xx_hal.o(.data)
    uwTick                                   0x200040d0   Data           4  stm32f4xx_hal.o(.data)
    SystemCoreClock                          0x200040d4   Data           4  system_stm32f4xx.o(.data)
    netif_list                               0x20004114   Data           4  netif.o(.data)
    netif_default                            0x20004118   Data           4  netif.o(.data)
    pbuf_free_ooseq_pending                  0x2000411c   Data           1  pbuf.o(.data)
    tcp_active_pcbs_changed                  0x20004120   Data           1  tcp.o(.data)
    tcp_ticks                                0x2000412c   Data           4  tcp.o(.data)
    tcp_bound_pcbs                           0x20004130   Data           4  tcp.o(.data)
    tcp_listen_pcbs                          0x20004134   Data           4  tcp.o(.data)
    tcp_active_pcbs                          0x20004138   Data           4  tcp.o(.data)
    tcp_tw_pcbs                              0x2000413c   Data           4  tcp.o(.data)
    __stdout                                 0x20004148   Data           4  stdout.o(.data)
    ws_server                                0x20004150   Data        2072  config.o(.bss)
    hrng                                     0x20004c54   Data          16  rng.o(.bss)
    htim1                                    0x20004c64   Data          72  stm32f4xx_hal_timebase_tim.o(.bss)
    memp_memory_RX_POOL_base                 0x20004cac   Data       18819  ethernetif.o(.bss)
    gnetif                                   0x20009630   Data          52  lwip.o(.bss)
    xQueueRegistry                           0x20009664   Data          64  queue.o(.bss)
    ip_data                                  0x20011414   Data          24  ip.o(.bss)
    ram_heap                                 0x2001142c   Data        1619  mem.o(.bss)
    memp_memory_TCP_PCB_base                 0x20011a7f   Data         783  memp.o(.bss)
    memp_memory_TCP_PCB_LISTEN_base          0x20011d8e   Data         227  memp.o(.bss)
    memp_memory_TCP_SEG_base                 0x20011e71   Data         259  memp.o(.bss)
    memp_memory_FRAG_PBUF_base               0x20011f74   Data         363  memp.o(.bss)
    memp_memory_NETBUF_base                  0x200120df   Data          67  memp.o(.bss)
    memp_memory_NETCONN_base                 0x20012122   Data         323  memp.o(.bss)
    memp_memory_TCPIP_MSG_API_base           0x20012265   Data         131  memp.o(.bss)
    memp_memory_PBUF_POOL_base               0x200122e8   Data        9731  memp.o(.bss)



==============================================================================

Memory Map of the image

  Image Entry point : 0x08000189

  Load Region LR_IROM1 (Base: 0x08000000, Size: 0x0001b48c, Max: 0x00100000, ABSOLUTE, COMPRESSED[0x000173e4])

    Execution Region ER_IROM1 (Exec base: 0x08000000, Load base: 0x08000000, Size: 0x00017230, Max: 0x00100000, ABSOLUTE)

    Exec Addr    Load Addr    Size         Type   Attr      Idx    E Section Name        Object

    0x08000000   0x08000000   0x00000188   Data   RO            3    RESET               startup_stm32f407xx.o
    0x08000188   0x08000188   0x00000000   Code   RO        11536  * .ARM.Collect$$$$00000000  mc_w.l(entry.o)
    0x08000188   0x08000188   0x00000004   Code   RO        11878    .ARM.Collect$$$$00000001  mc_w.l(entry2.o)
    0x0800018c   0x0800018c   0x00000004   Code   RO        11881    .ARM.Collect$$$$00000004  mc_w.l(entry5.o)
    0x08000190   0x08000190   0x00000000   Code   RO        11883    .ARM.Collect$$$$00000008  mc_w.l(entry7b.o)
    0x08000190   0x08000190   0x00000000   Code   RO        11885    .ARM.Collect$$$$0000000A  mc_w.l(entry8b.o)
    0x08000190   0x08000190   0x00000008   Code   RO        11886    .ARM.Collect$$$$0000000B  mc_w.l(entry9a.o)
    0x08000198   0x08000198   0x00000004   Code   RO        11893    .ARM.Collect$$$$0000000E  mc_w.l(entry12b.o)
    0x0800019c   0x0800019c   0x00000000   Code   RO        11888    .ARM.Collect$$$$0000000F  mc_w.l(entry10a.o)
    0x0800019c   0x0800019c   0x00000000   Code   RO        11890    .ARM.Collect$$$$00000011  mc_w.l(entry11a.o)
    0x0800019c   0x0800019c   0x00000004   Code   RO        11879    .ARM.Collect$$$$00002712  mc_w.l(entry2.o)
    0x080001a0   0x080001a0   0x000000be   Code   RO         6303    .emb_text           port.o
    0x0800025e   0x0800025e   0x00000002   PAD
    0x08000260   0x08000260   0x00000024   Code   RO            4    .text               startup_stm32f407xx.o
    0x08000284   0x08000284   0x00000062   Code   RO        11546    .text               mc_w.l(uldiv.o)
    0x080002e6   0x080002e6   0x00000002   PAD
    0x080002e8   0x080002e8   0x00000008   Code   RO        11548    .text               mc_w.l(ctype_o.o)
    0x080002f0   0x080002f0   0x00000024   Code   RO        11578    .text               mc_w.l(rand.o)
    0x08000314   0x08000314   0x00000040   Code   RO        11583    .text               mc_w.l(memmovea.o)
    0x08000354   0x08000354   0x00000024   Code   RO        11587    .text               mc_w.l(memseta.o)
    0x08000378   0x08000378   0x00000018   Code   RO        11589    .text               mc_w.l(strcat.o)
    0x08000390   0x08000390   0x00000024   Code   RO        11591    .text               mc_w.l(strstr.o)
    0x080003b4   0x080003b4   0x00000018   Code   RO        11593    .text               mc_w.l(strncpy.o)
    0x080003cc   0x080003cc   0x00000014   Code   RO        11595    .text               mc_w.l(strchr.o)
    0x080003e0   0x080003e0   0x0000000e   Code   RO        11597    .text               mc_w.l(strlen.o)
    0x080003ee   0x080003ee   0x0000001a   Code   RO        11599    .text               mc_w.l(memcmp.o)
    0x08000408   0x08000408   0x00000028   Code   RO        11601    .text               mc_w.l(strncat.o)
    0x08000430   0x08000430   0x0000001e   Code   RO        11603    .text               mc_w.l(strncmp.o)
    0x0800044e   0x0800044e   0x00000070   Code   RO        11872    .text               mc_w.l(strtol.o)
    0x080004be   0x080004be   0x0000002c   Code   RO        11894    .text               mc_w.l(uidiv.o)
    0x080004ea   0x080004ea   0x0000001e   Code   RO        11896    .text               mc_w.l(llshl.o)
    0x08000508   0x08000508   0x00000020   Code   RO        11898    .text               mc_w.l(llushr.o)
    0x08000528   0x08000528   0x0000009e   Code   RO        11907    .text               mc_w.l(_strtoul.o)
    0x080005c6   0x080005c6   0x00000000   Code   RO        11911    .text               mc_w.l(iusefp.o)
    0x080005c6   0x080005c6   0x0000014e   Code   RO        11912    .text               mf_w.l(dadd.o)
    0x08000714   0x08000714   0x000000e4   Code   RO        11914    .text               mf_w.l(dmul.o)
    0x080007f8   0x080007f8   0x000000de   Code   RO        11916    .text               mf_w.l(ddiv.o)
    0x080008d6   0x080008d6   0x00000030   Code   RO        11918    .text               mf_w.l(dfixul.o)
    0x08000906   0x08000906   0x00000002   PAD
    0x08000908   0x08000908   0x00000030   Code   RO        11920    .text               mf_w.l(cdrcmple.o)
    0x08000938   0x08000938   0x00000024   Code   RO        11930    .text               mc_w.l(init.o)
    0x0800095c   0x0800095c   0x00000024   Code   RO        11932    .text               mc_w.l(llsshr.o)
    0x08000980   0x08000980   0x0000001c   Code   RO        11934    .text               mc_w.l(_chval.o)
    0x0800099c   0x0800099c   0x000000ba   Code   RO        11938    .text               mf_w.l(depilogue.o)
    0x08000a56   0x08000a56   0x00000056   Code   RO        11975    .text               mc_w.l(__dczerorl2.o)
    0x08000aac   0x08000aac   0x00000002   Code   RO          733    i.BusFault_Handler  stm32f4xx_it.o
    0x08000aae   0x08000aae   0x00000002   PAD
    0x08000ab0   0x08000ab0   0x0000000c   Code   RO          734    i.CAN1_RX0_IRQHandler  stm32f4xx_it.o
    0x08000abc   0x08000abc   0x000000c2   Code   RO         1412    i.DP83848_GetLinkState  dp83848.o
    0x08000b7e   0x08000b7e   0x000000d2   Code   RO         1413    i.DP83848_Init      dp83848.o
    0x08000c50   0x08000c50   0x0000002e   Code   RO         1414    i.DP83848_RegisterBusIO  dp83848.o
    0x08000c7e   0x08000c7e   0x00000002   Code   RO          735    i.DebugMon_Handler  stm32f4xx_it.o
    0x08000c80   0x08000c80   0x00000080   Code   RO         2755    i.ETH_DMARxDescListInit  stm32f4xx_hal_eth.o
    0x08000d00   0x08000d00   0x00000064   Code   RO         2756    i.ETH_DMATxDescListInit  stm32f4xx_hal_eth.o
    0x08000d64   0x08000d64   0x0000002e   Code   RO         2757    i.ETH_FlushTransmitFIFO  stm32f4xx_hal_eth.o
    0x08000d92   0x08000d92   0x00000002   PAD
    0x08000d94   0x08000d94   0x0000000c   Code   RO          736    i.ETH_IRQHandler    stm32f4xx_it.o
    0x08000da0   0x08000da0   0x0000002a   Code   RO         2758    i.ETH_MACAddressConfig  stm32f4xx_hal_eth.o
    0x08000dca   0x08000dca   0x0000009a   Code   RO         2759    i.ETH_MACDMAConfig  stm32f4xx_hal_eth.o
    0x08000e64   0x08000e64   0x00000004   Code   RO          872    i.ETH_PHY_IO_DeInit  ethernetif.o
    0x08000e68   0x08000e68   0x00000004   Code   RO          873    i.ETH_PHY_IO_GetTick  ethernetif.o
    0x08000e6c   0x08000e6c   0x00000010   Code   RO          874    i.ETH_PHY_IO_Init   ethernetif.o
    0x08000e7c   0x08000e7c   0x0000001c   Code   RO          875    i.ETH_PHY_IO_ReadReg  ethernetif.o
    0x08000e98   0x08000e98   0x0000001c   Code   RO          876    i.ETH_PHY_IO_WriteReg  ethernetif.o
    0x08000eb4   0x08000eb4   0x00000190   Code   RO         2760    i.ETH_Prepare_Tx_Descriptors  stm32f4xx_hal_eth.o
    0x08001044   0x08001044   0x000000bc   Code   RO         2761    i.ETH_SetDMAConfig  stm32f4xx_hal_eth.o
    0x08001100   0x08001100   0x00000104   Code   RO         2762    i.ETH_SetMACConfig  stm32f4xx_hal_eth.o
    0x08001204   0x08001204   0x00000094   Code   RO         2763    i.ETH_UpdateDescriptor  stm32f4xx_hal_eth.o
    0x08001298   0x08001298   0x00000002   Code   RO          448    i.Error_Handler     main.o
    0x0800129a   0x0800129a   0x00000002   Code   RO         3112    i.HAL_CAN_ErrorCallback  stm32f4xx_hal_can.o
    0x0800129c   0x0800129c   0x00000234   Code   RO         3119    i.HAL_CAN_IRQHandler  stm32f4xx_hal_can.o
    0x080014d0   0x080014d0   0x00000168   Code   RO         3120    i.HAL_CAN_Init      stm32f4xx_hal_can.o
    0x08001638   0x08001638   0x0000007c   Code   RO          608    i.HAL_CAN_MspInit   can.o
    0x080016b4   0x080016b4   0x00000002   Code   RO         3127    i.HAL_CAN_RxFifo0FullCallback  stm32f4xx_hal_can.o
    0x080016b6   0x080016b6   0x00000002   Code   RO         3128    i.HAL_CAN_RxFifo0MsgPendingCallback  stm32f4xx_hal_can.o
    0x080016b8   0x080016b8   0x00000002   Code   RO         3129    i.HAL_CAN_RxFifo1FullCallback  stm32f4xx_hal_can.o
    0x080016ba   0x080016ba   0x00000002   Code   RO         3130    i.HAL_CAN_RxFifo1MsgPendingCallback  stm32f4xx_hal_can.o
    0x080016bc   0x080016bc   0x00000002   Code   RO         3131    i.HAL_CAN_SleepCallback  stm32f4xx_hal_can.o
    0x080016be   0x080016be   0x00000002   Code   RO         3134    i.HAL_CAN_TxMailbox0AbortCallback  stm32f4xx_hal_can.o
    0x080016c0   0x080016c0   0x00000002   Code   RO         3135    i.HAL_CAN_TxMailbox0CompleteCallback  stm32f4xx_hal_can.o
    0x080016c2   0x080016c2   0x00000002   Code   RO         3136    i.HAL_CAN_TxMailbox1AbortCallback  stm32f4xx_hal_can.o
    0x080016c4   0x080016c4   0x00000002   Code   RO         3137    i.HAL_CAN_TxMailbox1CompleteCallback  stm32f4xx_hal_can.o
    0x080016c6   0x080016c6   0x00000002   Code   RO         3138    i.HAL_CAN_TxMailbox2AbortCallback  stm32f4xx_hal_can.o
    0x080016c8   0x080016c8   0x00000002   Code   RO         3139    i.HAL_CAN_TxMailbox2CompleteCallback  stm32f4xx_hal_can.o
    0x080016ca   0x080016ca   0x00000002   Code   RO         3141    i.HAL_CAN_WakeUpFromRxMsgCallback  stm32f4xx_hal_can.o
    0x080016cc   0x080016cc   0x00000028   Code   RO         2492    i.HAL_Delay         stm32f4xx_hal.o
    0x080016f4   0x080016f4   0x0000001c   Code   RO          877    i.HAL_ETH_ErrorCallback  ethernetif.o
    0x08001710   0x08001710   0x00000006   Code   RO         2769    i.HAL_ETH_GetDMAError  stm32f4xx_hal_eth.o
    0x08001716   0x08001716   0x000000d6   Code   RO         2771    i.HAL_ETH_GetMACConfig  stm32f4xx_hal_eth.o
    0x080017ec   0x080017ec   0x000000e4   Code   RO         2777    i.HAL_ETH_IRQHandler  stm32f4xx_hal_eth.o
    0x080018d0   0x080018d0   0x000000c8   Code   RO         2778    i.HAL_ETH_Init      stm32f4xx_hal_eth.o
    0x08001998   0x08001998   0x00000164   Code   RO          879    i.HAL_ETH_MspInit   ethernetif.o
    0x08001afc   0x08001afc   0x00000002   Code   RO         2781    i.HAL_ETH_PMTCallback  stm32f4xx_hal_eth.o
    0x08001afe   0x08001afe   0x00000106   Code   RO         2782    i.HAL_ETH_ReadData  stm32f4xx_hal_eth.o
    0x08001c04   0x08001c04   0x00000064   Code   RO         2783    i.HAL_ETH_ReadPHYRegister  stm32f4xx_hal_eth.o
    0x08001c68   0x08001c68   0x0000006c   Code   RO         2787    i.HAL_ETH_ReleaseTxPacket  stm32f4xx_hal_eth.o
    0x08001cd4   0x08001cd4   0x00000048   Code   RO          880    i.HAL_ETH_RxAllocateCallback  ethernetif.o
    0x08001d1c   0x08001d1c   0x0000000c   Code   RO          881    i.HAL_ETH_RxCpltCallback  ethernetif.o
    0x08001d28   0x08001d28   0x0000002a   Code   RO          882    i.HAL_ETH_RxLinkCallback  ethernetif.o
    0x08001d52   0x08001d52   0x0000001e   Code   RO         2793    i.HAL_ETH_SetMACConfig  stm32f4xx_hal_eth.o
    0x08001d70   0x08001d70   0x00000074   Code   RO         2795    i.HAL_ETH_SetMDIOClockRange  stm32f4xx_hal_eth.o
    0x08001de4   0x08001de4   0x0000007a   Code   RO         2799    i.HAL_ETH_Start     stm32f4xx_hal_eth.o
    0x08001e5e   0x08001e5e   0x000000ba   Code   RO         2800    i.HAL_ETH_Start_IT  stm32f4xx_hal_eth.o
    0x08001f18   0x08001f18   0x0000009e   Code   RO         2802    i.HAL_ETH_Stop_IT   stm32f4xx_hal_eth.o
    0x08001fb6   0x08001fb6   0x00000074   Code   RO         2804    i.HAL_ETH_Transmit_IT  stm32f4xx_hal_eth.o
    0x0800202a   0x0800202a   0x00000002   PAD
    0x0800202c   0x0800202c   0x0000000c   Code   RO          883    i.HAL_ETH_TxCpltCallback  ethernetif.o
    0x08002038   0x08002038   0x00000004   Code   RO          884    i.HAL_ETH_TxFreeCallback  ethernetif.o
    0x0800203c   0x0800203c   0x00000002   Code   RO         2810    i.HAL_ETH_WakeUpCallback  stm32f4xx_hal_eth.o
    0x0800203e   0x0800203e   0x0000005e   Code   RO         2811    i.HAL_ETH_WritePHYRegister  stm32f4xx_hal_eth.o
    0x0800209c   0x0800209c   0x0000024c   Code   RO         1953    i.HAL_GPIO_Init     stm32f4xx_hal_gpio.o
    0x080022e8   0x080022e8   0x0000000e   Code   RO         1957    i.HAL_GPIO_WritePin  stm32f4xx_hal_gpio.o
    0x080022f6   0x080022f6   0x00000002   PAD
    0x080022f8   0x080022f8   0x0000000c   Code   RO         2500    i.HAL_GetTick       stm32f4xx_hal.o
    0x08002304   0x08002304   0x00000010   Code   RO         2506    i.HAL_IncTick       stm32f4xx_hal.o
    0x08002314   0x08002314   0x00000034   Code   RO         2507    i.HAL_Init          stm32f4xx_hal.o
    0x08002348   0x08002348   0x0000008c   Code   RO          833    i.HAL_InitTick      stm32f4xx_hal_timebase_tim.o
    0x080023d4   0x080023d4   0x00000038   Code   RO          809    i.HAL_MspInit       stm32f4xx_hal_msp.o
    0x0800240c   0x0800240c   0x0000001c   Code   RO         2360    i.HAL_NVIC_EnableIRQ  stm32f4xx_hal_cortex.o
    0x08002428   0x08002428   0x00000068   Code   RO         2366    i.HAL_NVIC_SetPriority  stm32f4xx_hal_cortex.o
    0x08002490   0x08002490   0x00000024   Code   RO         2367    i.HAL_NVIC_SetPriorityGrouping  stm32f4xx_hal_cortex.o
    0x080024b4   0x080024b4   0x0000007c   Code   RO         2289    i.HAL_PWREx_EnableOverDrive  stm32f4xx_hal_pwr_ex.o
    0x08002530   0x08002530   0x0000017c   Code   RO         1497    i.HAL_RCC_ClockConfig  stm32f4xx_hal_rcc.o
    0x080026ac   0x080026ac   0x0000003c   Code   RO         1501    i.HAL_RCC_GetClockConfig  stm32f4xx_hal_rcc.o
    0x080026e8   0x080026e8   0x0000000c   Code   RO         1502    i.HAL_RCC_GetHCLKFreq  stm32f4xx_hal_rcc.o
    0x080026f4   0x080026f4   0x00000020   Code   RO         1504    i.HAL_RCC_GetPCLK1Freq  stm32f4xx_hal_rcc.o
    0x08002714   0x08002714   0x00000020   Code   RO         1505    i.HAL_RCC_GetPCLK2Freq  stm32f4xx_hal_rcc.o
    0x08002734   0x08002734   0x00000070   Code   RO         1506    i.HAL_RCC_GetSysClockFreq  stm32f4xx_hal_rcc.o
    0x080027a4   0x080027a4   0x000000a0   Code   RO         1507    i.HAL_RCC_MCOConfig  stm32f4xx_hal_rcc.o
    0x08002844   0x08002844   0x00000482   Code   RO         1509    i.HAL_RCC_OscConfig  stm32f4xx_hal_rcc.o
    0x08002cc6   0x08002cc6   0x00000086   Code   RO         3342    i.HAL_RNG_GenerateRandomNumber  stm32f4xx_hal_rng.o
    0x08002d4c   0x08002d4c   0x00000034   Code   RO         3349    i.HAL_RNG_Init      stm32f4xx_hal_rng.o
    0x08002d80   0x08002d80   0x00000028   Code   RO          650    i.HAL_RNG_MspInit   rng.o
    0x08002da8   0x08002da8   0x00000002   Code   RO         4159    i.HAL_TIMEx_BreakCallback  stm32f4xx_hal_tim_ex.o
    0x08002daa   0x08002daa   0x00000002   Code   RO         4160    i.HAL_TIMEx_CommutCallback  stm32f4xx_hal_tim_ex.o
    0x08002dac   0x08002dac   0x0000005c   Code   RO         3444    i.HAL_TIM_Base_Init  stm32f4xx_hal_tim.o
    0x08002e08   0x08002e08   0x00000002   Code   RO         3446    i.HAL_TIM_Base_MspInit  stm32f4xx_hal_tim.o
    0x08002e0a   0x08002e0a   0x0000008a   Code   RO         3449    i.HAL_TIM_Base_Start_IT  stm32f4xx_hal_tim.o
    0x08002e94   0x08002e94   0x00000002   Code   RO         3478    i.HAL_TIM_IC_CaptureCallback  stm32f4xx_hal_tim.o
    0x08002e96   0x08002e96   0x00000174   Code   RO         3492    i.HAL_TIM_IRQHandler  stm32f4xx_hal_tim.o
    0x0800300a   0x0800300a   0x00000002   Code   RO         3495    i.HAL_TIM_OC_DelayElapsedCallback  stm32f4xx_hal_tim.o
    0x0800300c   0x0800300c   0x00000002   Code   RO         3522    i.HAL_TIM_PWM_PulseFinishedCallback  stm32f4xx_hal_tim.o
    0x0800300e   0x0800300e   0x00000002   PAD
    0x08003010   0x08003010   0x00000014   Code   RO          449    i.HAL_TIM_PeriodElapsedCallback  main.o
    0x08003024   0x08003024   0x00000002   Code   RO         3535    i.HAL_TIM_TriggerCallback  stm32f4xx_hal_tim.o
    0x08003026   0x08003026   0x00000064   Code   RO         4455    i.HAL_UART_Init     stm32f4xx_hal_uart.o
    0x0800308a   0x0800308a   0x00000002   PAD
    0x0800308c   0x0800308c   0x00000068   Code   RO          692    i.HAL_UART_MspInit  usart.o
    0x080030f4   0x080030f4   0x000000ca   Code   RO         4463    i.HAL_UART_Transmit  stm32f4xx_hal_uart.o
    0x080031be   0x080031be   0x00000002   Code   RO          737    i.HardFault_Handler  stm32f4xx_it.o
    0x080031c0   0x080031c0   0x00000048   Code   RO          609    i.MX_CAN1_Init      can.o
    0x08003208   0x08003208   0x00000040   Code   RO          535    i.MX_FREERTOS_Init  freertos.o
    0x08003248   0x08003248   0x000000fc   Code   RO          511    i.MX_GPIO_Init      gpio.o
    0x08003344   0x08003344   0x00000158   Code   RO         1102    i.MX_LWIP_Init      lwip.o
    0x0800349c   0x0800349c   0x00000002   Code   RO         1201    i.MX_MBEDTLS_Init   mbedtls.o
    0x0800349e   0x0800349e   0x00000002   PAD
    0x080034a0   0x080034a0   0x00000024   Code   RO          651    i.MX_RNG_Init       rng.o
    0x080034c4   0x080034c4   0x00000038   Code   RO          693    i.MX_USART1_UART_Init  usart.o
    0x080034fc   0x080034fc   0x00000002   Code   RO          738    i.MemManage_Handler  stm32f4xx_it.o
    0x080034fe   0x080034fe   0x00000002   Code   RO          739    i.NMI_Handler       stm32f4xx_it.o
    0x08003500   0x08003500   0x0000002c   Code   RO         6304    i.SysTick_Handler   port.o
    0x0800352c   0x0800352c   0x0000009c   Code   RO          450    i.SystemClock_Config  main.o
    0x080035c8   0x080035c8   0x0000001c   Code   RO         4990    i.SystemInit        system_stm32f4xx.o
    0x080035e4   0x080035e4   0x0000000c   Code   RO          740    i.TIM1_UP_TIM10_IRQHandler  stm32f4xx_it.o
    0x080035f0   0x080035f0   0x000000cc   Code   RO         3537    i.TIM_Base_SetConfig  stm32f4xx_hal_tim.o
    0x080036bc   0x080036bc   0x000000fc   Code   RO         4482    i.UART_SetConfig    stm32f4xx_hal_uart.o
    0x080037b8   0x080037b8   0x0000008c   Code   RO         4486    i.UART_WaitOnFlagUntilTimeout  stm32f4xx_hal_uart.o
    0x08003844   0x08003844   0x00000002   Code   RO          741    i.UsageFault_Handler  stm32f4xx_it.o
    0x08003846   0x08003846   0x00000002   PAD
    0x08003848   0x08003848   0x00000020   Code   RO        11844    i.__0printf         mc_w.l(printfa.o)
    0x08003868   0x08003868   0x00000028   Code   RO        11846    i.__0sprintf        mc_w.l(printfa.o)
    0x08003890   0x08003890   0x00000008   Code   RO        11900    i.__aeabi_errno_addr  mc_w.l(errno.o)
    0x08003898   0x08003898   0x0000000e   Code   RO        11969    i.__scatterload_copy  mc_w.l(handlers.o)
    0x080038a6   0x080038a6   0x00000002   Code   RO        11970    i.__scatterload_null  mc_w.l(handlers.o)
    0x080038a8   0x080038a8   0x0000000e   Code   RO        11971    i.__scatterload_zeroinit  mc_w.l(handlers.o)
    0x080038b6   0x080038b6   0x00000002   PAD
    0x080038b8   0x080038b8   0x00000184   Code   RO        11851    i._fp_digits        mc_w.l(printfa.o)
    0x08003a3c   0x08003a3c   0x000006b4   Code   RO        11852    i._printf_core      mc_w.l(printfa.o)
    0x080040f0   0x080040f0   0x00000024   Code   RO        11853    i._printf_post_padding  mc_w.l(printfa.o)
    0x08004114   0x08004114   0x0000002e   Code   RO        11854    i._printf_pre_padding  mc_w.l(printfa.o)
    0x08004142   0x08004142   0x0000000a   Code   RO        11856    i._sputc            mc_w.l(printfa.o)
    0x0800414c   0x0800414c   0x0000018c   Code   RO         7352    i.accept_function   api_msg.o
    0x080042d8   0x080042d8   0x00000054   Code   RO         1346    i.appUsart_SendTask  app_usart.o
    0x0800432c   0x0800432c   0x00000028   Code   RO         1347    i.appUsart_TaskInit  app_usart.o
    0x08004354   0x08004354   0x000000b4   Code   RO          347    i.create_ws_key_accept  websocket.o
    0x08004408   0x08004408   0x00000020   Code   RO         8387    i.dns_backupserver_available  dns.o
    0x08004428   0x08004428   0x00000094   Code   RO         8388    i.dns_call_found    dns.o
    0x080044bc   0x080044bc   0x00000014   Code   RO         8389    i.dns_check_entries  dns.o
    0x080044d0   0x080044d0   0x00000154   Code   RO         8390    i.dns_check_entry   dns.o
    0x08004624   0x08004624   0x00000030   Code   RO         8393    i.dns_create_txid   dns.o
    0x08004654   0x08004654   0x00000002   Code   RO         8398    i.dns_init          dns.o
    0x08004656   0x08004656   0x00000002   PAD
    0x08004658   0x08004658   0x000001b8   Code   RO         8401    i.dns_send          dns.o
    0x08004810   0x08004810   0x00000004   Code   RO         8404    i.dns_tmr           dns.o
    0x08004814   0x08004814   0x000000a8   Code   RO         8753    i.do_memp_free_pool  memp.o
    0x080048bc   0x080048bc   0x000000bc   Code   RO         8754    i.do_memp_malloc_pool  memp.o
    0x08004978   0x08004978   0x000001cc   Code   RO         7353    i.err_tcp           api_msg.o
    0x08004b44   0x08004b44   0x0000002c   Code   RO        10225    i.etharp_cleanup_netif  etharp.o
    0x08004b70   0x08004b70   0x00000280   Code   RO        10227    i.etharp_find_entry  etharp.o
    0x08004df0   0x08004df0   0x00000028   Code   RO        10228    i.etharp_free_entry  etharp.o
    0x08004e18   0x08004e18   0x00000118   Code   RO        10230    i.etharp_input      etharp.o
    0x08004f30   0x08004f30   0x000001d8   Code   RO        10231    i.etharp_output     etharp.o
    0x08005108   0x08005108   0x00000104   Code   RO        10232    i.etharp_output_to_arp_index  etharp.o
    0x0800520c   0x0800520c   0x00000208   Code   RO        10233    i.etharp_query      etharp.o
    0x08005414   0x08005414   0x0000017c   Code   RO        10234    i.etharp_raw        etharp.o
    0x08005590   0x08005590   0x0000000c   Code   RO        10235    i.etharp_request    etharp.o
    0x0800559c   0x0800559c   0x00000028   Code   RO        10236    i.etharp_request_dst  etharp.o
    0x080055c4   0x080055c4   0x00000064   Code   RO        10237    i.etharp_tmr        etharp.o
    0x08005628   0x08005628   0x0000011c   Code   RO        10238    i.etharp_update_arp_entry  etharp.o
    0x08005744   0x08005744   0x000000b0   Code   RO         6917    i.ethernet_input    ethernet.o
    0x080057f4   0x080057f4   0x00000002   Code   RO         1103    i.ethernet_link_status_updated  lwip.o
    0x080057f6   0x080057f6   0x00000002   PAD
    0x080057f8   0x080057f8   0x000000a8   Code   RO          885    i.ethernet_link_thread  ethernetif.o
    0x080058a0   0x080058a0   0x000000f4   Code   RO         6918    i.ethernet_output   ethernet.o
    0x08005994   0x08005994   0x00000090   Code   RO          886    i.ethernetif_init   ethernetif.o
    0x08005a24   0x08005a24   0x00000048   Code   RO          887    i.ethernetif_input  ethernetif.o
    0x08005a6c   0x08005a6c   0x00000018   Code   RO         1348    i.fputc             app_usart.o
    0x08005a84   0x08005a84   0x0000006c   Code   RO          291    i.get_page_content  http.o
    0x08005af0   0x08005af0   0x0000001a   Code   RO          292    i.http_create_filesystem  http.o
    0x08005b0a   0x08005b0a   0x00000002   PAD
    0x08005b0c   0x08005b0c   0x000001d0   Code   RO          293    i.http_request_handler  http.o
    0x08005cdc   0x08005cdc   0x000000b0   Code   RO          294    i.http_server_task  http.o
    0x08005d8c   0x08005d8c   0x00000008   Code   RO        10328    i.icmp_dest_unreach  icmp.o
    0x08005d94   0x08005d94   0x0000021c   Code   RO        10329    i.icmp_input        icmp.o
    0x08005fb0   0x08005fb0   0x00000114   Code   RO        10330    i.icmp_send_response  icmp.o
    0x080060c4   0x080060c4   0x00000008   Code   RO        10331    i.icmp_time_exceeded  icmp.o
    0x080060cc   0x080060cc   0x00000010   Code   RO         5855    i.inHandlerMode     cmsis_os.o
    0x080060dc   0x080060dc   0x00000050   Code   RO        10445    i.ip4_addr_isbroadcast_u32  ip4_addr.o
    0x0800612c   0x0800612c   0x00000298   Code   RO        10514    i.ip4_frag          ip4_frag.o
    0x080063c4   0x080063c4   0x000001a4   Code   RO        10390    i.ip4_input         ip4.o
    0x08006568   0x08006568   0x0000002c   Code   RO        10391    i.ip4_input_accept  ip4.o
    0x08006594   0x08006594   0x0000002c   Code   RO        10393    i.ip4_output_if     ip4.o
    0x080065c0   0x080065c0   0x00000188   Code   RO        10394    i.ip4_output_if_src  ip4.o
    0x08006748   0x08006748   0x00000274   Code   RO        10515    i.ip4_reass         ip4_frag.o
    0x080069bc   0x080069bc   0x00000078   Code   RO        10395    i.ip4_route         ip4.o
    0x08006a34   0x08006a34   0x00000006   Code   RO        10516    i.ip_frag_alloc_pbuf_custom_ref  ip4_frag.o
    0x08006a3a   0x08006a3a   0x00000002   PAD
    0x08006a3c   0x08006a3c   0x00000094   Code   RO        10517    i.ip_frag_free_pbuf_custom_ref  ip4_frag.o
    0x08006ad0   0x08006ad0   0x00000298   Code   RO        10518    i.ip_reass_chain_frag_into_datagram_and_validate  ip4_frag.o
    0x08006d68   0x08006d68   0x000000bc   Code   RO        10519    i.ip_reass_dequeue_datagram  ip4_frag.o
    0x08006e24   0x08006e24   0x00000064   Code   RO        10520    i.ip_reass_enqueue_new_datagram  ip4_frag.o
    0x08006e88   0x08006e88   0x000001a4   Code   RO        10521    i.ip_reass_free_complete_datagram  ip4_frag.o
    0x0800702c   0x0800702c   0x0000007c   Code   RO        10522    i.ip_reass_remove_oldest_datagram  ip4_frag.o
    0x080070a8   0x080070a8   0x00000030   Code   RO        10523    i.ip_reass_tmr      ip4_frag.o
    0x080070d8   0x080070d8   0x00000098   Code   RO        10524    i.ipfrag_free_pbuf_custom  ip4_frag.o
    0x08007170   0x08007170   0x0000000e   Code   RO          348    i.is_masked_msg     websocket.o
    0x0800717e   0x0800717e   0x00000002   PAD
    0x08007180   0x08007180   0x00000184   Code   RO          889    i.low_level_init    ethernetif.o
    0x08007304   0x08007304   0x00000094   Code   RO          890    i.low_level_output  ethernetif.o
    0x08007398   0x08007398   0x00000044   Code   RO         9970    i.lwip_cyclic_timer  timeouts.o
    0x080073dc   0x080073dc   0x00000018   Code   RO         8331    i.lwip_htonl        def.o
    0x080073f4   0x080073f4   0x0000000a   Code   RO         8332    i.lwip_htons        def.o
    0x080073fe   0x080073fe   0x00000026   Code   RO         8597    i.lwip_init         init.o
    0x08007424   0x08007424   0x0000003c   Code   RO         7354    i.lwip_netconn_do_bind  api_msg.o
    0x08007460   0x08007460   0x00000144   Code   RO         7356    i.lwip_netconn_do_close  api_msg.o
    0x080075a4   0x080075a4   0x00000314   Code   RO         7357    i.lwip_netconn_do_close_internal  api_msg.o
    0x080078b8   0x080078b8   0x000001dc   Code   RO         7360    i.lwip_netconn_do_delconn  api_msg.o
    0x08007a94   0x08007a94   0x000000c0   Code   RO         7365    i.lwip_netconn_do_listen  api_msg.o
    0x08007b54   0x08007b54   0x00000012   Code   RO         7366    i.lwip_netconn_do_newconn  api_msg.o
    0x08007b66   0x08007b66   0x0000003e   Code   RO         7367    i.lwip_netconn_do_recv  api_msg.o
    0x08007ba4   0x08007ba4   0x00000150   Code   RO         7369    i.lwip_netconn_do_write  api_msg.o
    0x08007cf4   0x08007cf4   0x000003b4   Code   RO         7370    i.lwip_netconn_do_writemore  api_msg.o
    0x080080a8   0x080080a8   0x000000ac   Code   RO         7371    i.lwip_netconn_err_to_msg  api_msg.o
    0x08008154   0x08008154   0x000000b8   Code   RO         7372    i.lwip_netconn_is_err_msg  api_msg.o
    0x0800820c   0x0800820c   0x0000002a   Code   RO          451    i.main              main.o
    0x08008236   0x08008236   0x0000000c   Code   RO         5857    i.makeFreeRtosPriority  cmsis_os.o
    0x08008242   0x08008242   0x00000002   PAD
    0x08008244   0x08008244   0x00000134   Code   RO         4878    i.mbedtls_base64_encode  base64.o
    0x08008378   0x08008378   0x000012b8   Code   RO         4790    i.mbedtls_internal_sha1_process  sha1.o
    0x08009630   0x08009630   0x00000010   Code   RO         4945    i.mbedtls_platform_zeroize  platform_util.o
    0x08009640   0x08009640   0x00000004   Code   RO         4791    i.mbedtls_sha1      sha1.o
    0x08009644   0x08009644   0x00000114   Code   RO         4794    i.mbedtls_sha1_finish_ret  sha1.o
    0x08009758   0x08009758   0x0000000c   Code   RO         4795    i.mbedtls_sha1_free  sha1.o
    0x08009764   0x08009764   0x00000006   Code   RO         4796    i.mbedtls_sha1_init  sha1.o
    0x0800976a   0x0800976a   0x0000003e   Code   RO         4798    i.mbedtls_sha1_ret  sha1.o
    0x080097a8   0x080097a8   0x00000034   Code   RO         4800    i.mbedtls_sha1_starts_ret  sha1.o
    0x080097dc   0x080097dc   0x00000080   Code   RO         4802    i.mbedtls_sha1_update_ret  sha1.o
    0x0800985c   0x0800985c   0x000001c4   Code   RO         8672    i.mem_free          mem.o
    0x08009a20   0x08009a20   0x000000c8   Code   RO         8673    i.mem_init          mem.o
    0x08009ae8   0x08009ae8   0x00000050   Code   RO         8674    i.mem_link_valid    mem.o
    0x08009b38   0x08009b38   0x0000027c   Code   RO         8675    i.mem_malloc        mem.o
    0x08009db4   0x08009db4   0x00000010   Code   RO         8676    i.mem_to_ptr        mem.o
    0x08009dc4   0x08009dc4   0x00000218   Code   RO         8677    i.mem_trim          mem.o
    0x08009fdc   0x08009fdc   0x0000009c   Code   RO         8755    i.memp_free         memp.o
    0x0800a078   0x0800a078   0x0000009c   Code   RO         8756    i.memp_free_pool    memp.o
    0x0800a114   0x0800a114   0x0000001c   Code   RO         8757    i.memp_init         memp.o
    0x0800a130   0x0800a130   0x0000002e   Code   RO         8758    i.memp_init_pool    memp.o
    0x0800a15e   0x0800a15e   0x00000002   PAD
    0x0800a160   0x0800a160   0x000000a4   Code   RO         8759    i.memp_malloc       memp.o
    0x0800a204   0x0800a204   0x00000094   Code   RO         8760    i.memp_malloc_pool  memp.o
    0x0800a298   0x0800a298   0x00000114   Code   RO         7660    i.netbuf_data       netbuf.o
    0x0800a3ac   0x0800a3ac   0x00000024   Code   RO         7661    i.netbuf_delete     netbuf.o
    0x0800a3d0   0x0800a3d0   0x00000160   Code   RO         7109    i.netconn_accept    api_lib.o
    0x0800a530   0x0800a530   0x00000110   Code   RO         7373    i.netconn_alloc     api_msg.o
    0x0800a640   0x0800a640   0x0000001a   Code   RO         7110    i.netconn_apimsg    api_lib.o
    0x0800a65a   0x0800a65a   0x00000002   PAD
    0x0800a65c   0x0800a65c   0x000000bc   Code   RO         7111    i.netconn_bind      api_lib.o
    0x0800a718   0x0800a718   0x00000006   Code   RO         7113    i.netconn_close     api_lib.o
    0x0800a71e   0x0800a71e   0x00000002   PAD
    0x0800a720   0x0800a720   0x000000b4   Code   RO         7114    i.netconn_close_shutdown  api_lib.o
    0x0800a7d4   0x0800a7d4   0x00000024   Code   RO         7116    i.netconn_delete    api_lib.o
    0x0800a7f8   0x0800a7f8   0x000000ca   Code   RO         7374    i.netconn_drain     api_msg.o
    0x0800a8c2   0x0800a8c2   0x00000020   Code   RO         7118    i.netconn_err       api_lib.o
    0x0800a8e2   0x0800a8e2   0x00000002   PAD
    0x0800a8e4   0x0800a8e4   0x0000016c   Code   RO         7375    i.netconn_free      api_msg.o
    0x0800aa50   0x0800aa50   0x000000ac   Code   RO         7121    i.netconn_listen_with_backlog  api_lib.o
    0x0800aafc   0x0800aafc   0x00000180   Code   RO         7122    i.netconn_new_with_proto_and_callback  api_lib.o
    0x0800ac7c   0x0800ac7c   0x0000002c   Code   RO         7123    i.netconn_prepare_delete  api_lib.o
    0x0800aca8   0x0800aca8   0x00000148   Code   RO         7124    i.netconn_recv      api_lib.o
    0x0800adf0   0x0800adf0   0x000001b8   Code   RO         7125    i.netconn_recv_data  api_lib.o
    0x0800afa8   0x0800afa8   0x000000a8   Code   RO         7126    i.netconn_recv_data_tcp  api_lib.o
    0x0800b050   0x0800b050   0x000000bc   Code   RO         7135    i.netconn_tcp_recvd_msg  api_lib.o
    0x0800b10c   0x0800b10c   0x0000001c   Code   RO         7136    i.netconn_write_partly  api_lib.o
    0x0800b128   0x0800b128   0x000001b0   Code   RO         7137    i.netconn_write_vectors_partly  api_lib.o
    0x0800b2d8   0x0800b2d8   0x000001f8   Code   RO         8899    i.netif_add         netif.o
    0x0800b4d0   0x0800b4d0   0x0000001a   Code   RO         8901    i.netif_do_ip_addr_changed  netif.o
    0x0800b4ea   0x0800b4ea   0x00000016   Code   RO         8902    i.netif_do_set_gw   netif.o
    0x0800b500   0x0800b500   0x000000c8   Code   RO         8903    i.netif_do_set_ipaddr  netif.o
    0x0800b5c8   0x0800b5c8   0x00000016   Code   RO         8904    i.netif_do_set_netmask  netif.o
    0x0800b5de   0x0800b5de   0x00000002   PAD
    0x0800b5e0   0x0800b5e0   0x00000028   Code   RO         8906    i.netif_get_by_index  netif.o
    0x0800b608   0x0800b608   0x00000002   Code   RO         8908    i.netif_init        netif.o
    0x0800b60a   0x0800b60a   0x00000002   PAD
    0x0800b60c   0x0800b60c   0x000000c8   Code   RO         8910    i.netif_issue_reports  netif.o
    0x0800b6d4   0x0800b6d4   0x00000006   Code   RO         8912    i.netif_null_output_ip4  netif.o
    0x0800b6da   0x0800b6da   0x00000002   PAD
    0x0800b6dc   0x0800b6dc   0x00000064   Code   RO         8914    i.netif_set_addr    netif.o
    0x0800b740   0x0800b740   0x0000000c   Code   RO         8915    i.netif_set_default  netif.o
    0x0800b74c   0x0800b74c   0x000000ac   Code   RO         8916    i.netif_set_down    netif.o
    0x0800b7f8   0x0800b7f8   0x00000008   Code   RO         8919    i.netif_set_link_callback  netif.o
    0x0800b800   0x0800b800   0x000000b0   Code   RO         8920    i.netif_set_link_down  netif.o
    0x0800b8b0   0x0800b8b0   0x000000c4   Code   RO         8921    i.netif_set_link_up  netif.o
    0x0800b974   0x0800b974   0x000000a4   Code   RO         8923    i.netif_set_up      netif.o
    0x0800ba18   0x0800ba18   0x00000010   Code   RO         5859    i.osDelay           cmsis_os.o
    0x0800ba28   0x0800ba28   0x0000000a   Code   RO         5862    i.osKernelStart     cmsis_os.o
    0x0800ba32   0x0800ba32   0x00000018   Code   RO         5863    i.osKernelSysTick   cmsis_os.o
    0x0800ba4a   0x0800ba4a   0x0000002a   Code   RO         5871    i.osMessageCreate   cmsis_os.o
    0x0800ba74   0x0800ba74   0x00000018   Code   RO         5872    i.osMessageDelete   cmsis_os.o
    0x0800ba8c   0x0800ba8c   0x000000ac   Code   RO         5873    i.osMessageGet      cmsis_os.o
    0x0800bb38   0x0800bb38   0x00000064   Code   RO         5875    i.osMessagePut      cmsis_os.o
    0x0800bb9c   0x0800bb9c   0x0000001e   Code   RO         5876    i.osMessageWaiting  cmsis_os.o
    0x0800bbba   0x0800bbba   0x00000012   Code   RO         5877    i.osMutexCreate     cmsis_os.o
    0x0800bbcc   0x0800bbcc   0x00000050   Code   RO         5879    i.osMutexRelease    cmsis_os.o
    0x0800bc1c   0x0800bc1c   0x00000068   Code   RO         5880    i.osMutexWait       cmsis_os.o
    0x0800bc84   0x0800bc84   0x00000058   Code   RO         5888    i.osSemaphoreCreate  cmsis_os.o
    0x0800bcdc   0x0800bcdc   0x00000018   Code   RO         5889    i.osSemaphoreDelete  cmsis_os.o
    0x0800bcf4   0x0800bcf4   0x00000050   Code   RO         5891    i.osSemaphoreRelease  cmsis_os.o
    0x0800bd44   0x0800bd44   0x00000068   Code   RO         5892    i.osSemaphoreWait   cmsis_os.o
    0x0800bdac   0x0800bdac   0x0000005c   Code   RO         5896    i.osThreadCreate    cmsis_os.o
    0x0800be08   0x0800be08   0x00000006   Code   RO         9088    i.pbuf_add_header   pbuf.o
    0x0800be0e   0x0800be0e   0x00000002   PAD
    0x0800be10   0x0800be10   0x000000d0   Code   RO         9090    i.pbuf_add_header_impl  pbuf.o
    0x0800bee0   0x0800bee0   0x0000025c   Code   RO         9091    i.pbuf_alloc        pbuf.o
    0x0800c13c   0x0800c13c   0x000000b8   Code   RO         9092    i.pbuf_alloc_reference  pbuf.o
    0x0800c1f4   0x0800c1f4   0x00000042   Code   RO         9093    i.pbuf_alloced_custom  pbuf.o
    0x0800c236   0x0800c236   0x00000002   PAD
    0x0800c238   0x0800c238   0x00000138   Code   RO         9094    i.pbuf_cat          pbuf.o
    0x0800c370   0x0800c370   0x00000014   Code   RO         9095    i.pbuf_chain        pbuf.o
    0x0800c384   0x0800c384   0x00000014   Code   RO         9096    i.pbuf_clen         pbuf.o
    0x0800c398   0x0800c398   0x000000a0   Code   RO         9097    i.pbuf_clone        pbuf.o
    0x0800c438   0x0800c438   0x000001f4   Code   RO         9099    i.pbuf_copy         pbuf.o
    0x0800c62c   0x0800c62c   0x00000128   Code   RO         9100    i.pbuf_copy_partial  pbuf.o
    0x0800c754   0x0800c754   0x00000170   Code   RO         9102    i.pbuf_free         pbuf.o
    0x0800c8c4   0x0800c8c4   0x0000002c   Code   RO          891    i.pbuf_free_custom  ethernetif.o
    0x0800c8f0   0x0800c8f0   0x00000034   Code   RO         9104    i.pbuf_free_ooseq   pbuf.o
    0x0800c924   0x0800c924   0x00000004   Code   RO         9105    i.pbuf_free_ooseq_callback  pbuf.o
    0x0800c928   0x0800c928   0x00000006   Code   RO         9109    i.pbuf_header_force  pbuf.o
    0x0800c92e   0x0800c92e   0x0000000e   Code   RO         9110    i.pbuf_header_impl  pbuf.o
    0x0800c93c   0x0800c93c   0x00000022   Code   RO         9111    i.pbuf_init_alloced_pbuf  pbuf.o
    0x0800c95e   0x0800c95e   0x00000002   PAD
    0x0800c960   0x0800c960   0x0000003c   Code   RO         9114    i.pbuf_pool_is_empty  pbuf.o
    0x0800c99c   0x0800c99c   0x0000001e   Code   RO         9115    i.pbuf_put_at       pbuf.o
    0x0800c9ba   0x0800c9ba   0x00000002   PAD
    0x0800c9bc   0x0800c9bc   0x00000138   Code   RO         9116    i.pbuf_realloc      pbuf.o
    0x0800caf4   0x0800caf4   0x0000009c   Code   RO         9117    i.pbuf_ref          pbuf.o
    0x0800cb90   0x0800cb90   0x000000e0   Code   RO         9118    i.pbuf_remove_header  pbuf.o
    0x0800cc70   0x0800cc70   0x00000004   Code   RO         9119    i.pbuf_skip         pbuf.o
    0x0800cc74   0x0800cc74   0x00000018   Code   RO         9120    i.pbuf_skip_const   pbuf.o
    0x0800cc8c   0x0800cc8c   0x00000188   Code   RO         9122    i.pbuf_take         pbuf.o
    0x0800ce14   0x0800ce14   0x000000dc   Code   RO         9123    i.pbuf_take_at      pbuf.o
    0x0800cef0   0x0800cef0   0x000000f8   Code   RO         7376    i.pcb_new           api_msg.o
    0x0800cfe8   0x0800cfe8   0x000001a4   Code   RO         8678    i.plug_holes        mem.o
    0x0800d18c   0x0800d18c   0x000000e0   Code   RO         7377    i.poll_tcp          api_msg.o
    0x0800d26c   0x0800d26c   0x00000078   Code   RO         5512    i.prvAddCurrentTaskToDelayedList  tasks.o
    0x0800d2e4   0x0800d2e4   0x00000088   Code   RO         5513    i.prvAddNewTaskToReadyList  tasks.o
    0x0800d36c   0x0800d36c   0x00000040   Code   RO         5514    i.prvCheckTasksWaitingTermination  tasks.o
    0x0800d3ac   0x0800d3ac   0x00000024   Code   RO         5168    i.prvCopyDataFromQueue  queue.o
    0x0800d3d0   0x0800d3d0   0x0000006e   Code   RO         5169    i.prvCopyDataToQueue  queue.o
    0x0800d43e   0x0800d43e   0x00000040   Code   RO         5515    i.prvDeleteTCB      tasks.o
    0x0800d47e   0x0800d47e   0x00000014   Code   RO         5170    i.prvGetDisinheritPriorityAfterTimeout  queue.o
    0x0800d492   0x0800d492   0x00000002   PAD
    0x0800d494   0x0800d494   0x00000050   Code   RO         6236    i.prvHeapInit       heap_4.o
    0x0800d4e4   0x0800d4e4   0x00000028   Code   RO         5516    i.prvIdleTask       tasks.o
    0x0800d50c   0x0800d50c   0x00000018   Code   RO         5171    i.prvInitialiseMutex  queue.o
    0x0800d524   0x0800d524   0x00000018   Code   RO         5172    i.prvInitialiseNewQueue  queue.o
    0x0800d53c   0x0800d53c   0x0000007e   Code   RO         5517    i.prvInitialiseNewTask  tasks.o
    0x0800d5ba   0x0800d5ba   0x00000002   PAD
    0x0800d5bc   0x0800d5bc   0x00000060   Code   RO         5518    i.prvInitialiseTaskLists  tasks.o
    0x0800d61c   0x0800d61c   0x0000005c   Code   RO         6237    i.prvInsertBlockIntoFreeList  heap_4.o
    0x0800d678   0x0800d678   0x0000001a   Code   RO         5173    i.prvIsQueueEmpty   queue.o
    0x0800d692   0x0800d692   0x0000001e   Code   RO         5174    i.prvIsQueueFull    queue.o
    0x0800d6b0   0x0800d6b0   0x00000024   Code   RO         5519    i.prvResetNextTaskUnblockTime  tasks.o
    0x0800d6d4   0x0800d6d4   0x00000030   Code   RO         6305    i.prvTaskExitError  port.o
    0x0800d704   0x0800d704   0x00000038   Code   RO         5521    i.prvTaskIsTaskSuspended  tasks.o
    0x0800d73c   0x0800d73c   0x00000068   Code   RO         5175    i.prvUnlockQueue    queue.o
    0x0800d7a4   0x0800d7a4   0x0000000c   Code   RO         8679    i.ptr_to_mem        mem.o
    0x0800d7b0   0x0800d7b0   0x000000e8   Code   RO         6238    i.pvPortMalloc      heap_4.o
    0x0800d898   0x0800d898   0x00000018   Code   RO         5522    i.pvTaskIncrementMutexHeldCount  tasks.o
    0x0800d8b0   0x0800d8b0   0x0000002c   Code   RO         6306    i.pxPortInitialiseStack  port.o
    0x0800d8dc   0x0800d8dc   0x00000190   Code   RO         7378    i.recv_tcp          api_msg.o
    0x0800da6c   0x0800da6c   0x00000178   Code   RO         7379    i.recv_udp          api_msg.o
    0x0800dbe4   0x0800dbe4   0x000000d4   Code   RO         7380    i.sent_tcp          api_msg.o
    0x0800dcb8   0x0800dcb8   0x00000044   Code   RO         7381    i.setup_tcp         api_msg.o
    0x0800dcfc   0x0800dcfc   0x00000062   Code   RO        10778    i.sys_arch_mbox_fetch  sys_arch.o
    0x0800dd5e   0x0800dd5e   0x00000034   Code   RO        10779    i.sys_arch_mbox_tryfetch  sys_arch.o
    0x0800dd92   0x0800dd92   0x00000002   PAD
    0x0800dd94   0x0800dd94   0x00000018   Code   RO        10780    i.sys_arch_protect  sys_arch.o
    0x0800ddac   0x0800ddac   0x0000003c   Code   RO        10781    i.sys_arch_sem_wait  sys_arch.o
    0x0800dde8   0x0800dde8   0x0000000c   Code   RO        10782    i.sys_arch_unprotect  sys_arch.o
    0x0800ddf4   0x0800ddf4   0x00000040   Code   RO         9971    i.sys_check_timeouts  timeouts.o
    0x0800de34   0x0800de34   0x00000018   Code   RO        10783    i.sys_init          sys_arch.o
    0x0800de4c   0x0800de4c   0x00000014   Code   RO        10784    i.sys_mbox_free     sys_arch.o
    0x0800de60   0x0800de60   0x00000034   Code   RO        10785    i.sys_mbox_new      sys_arch.o
    0x0800de94   0x0800de94   0x00000006   Code   RO        10787    i.sys_mbox_set_invalid  sys_arch.o
    0x0800de9a   0x0800de9a   0x00000016   Code   RO        10788    i.sys_mbox_trypost  sys_arch.o
    0x0800deb0   0x0800deb0   0x0000000e   Code   RO        10790    i.sys_mbox_valid    sys_arch.o
    0x0800debe   0x0800debe   0x0000000a   Code   RO        10792    i.sys_mutex_lock    sys_arch.o
    0x0800dec8   0x0800dec8   0x00000024   Code   RO        10793    i.sys_mutex_new     sys_arch.o
    0x0800deec   0x0800deec   0x00000006   Code   RO        10794    i.sys_mutex_unlock  sys_arch.o
    0x0800def2   0x0800def2   0x00000004   Code   RO          893    i.sys_now           ethernetif.o
    0x0800def6   0x0800def6   0x00000006   Code   RO        10795    i.sys_sem_free      sys_arch.o
    0x0800defc   0x0800defc   0x00000032   Code   RO        10796    i.sys_sem_new       sys_arch.o
    0x0800df2e   0x0800df2e   0x00000006   Code   RO        10797    i.sys_sem_set_invalid  sys_arch.o
    0x0800df34   0x0800df34   0x00000006   Code   RO        10798    i.sys_sem_signal    sys_arch.o
    0x0800df3a   0x0800df3a   0x0000000e   Code   RO        10799    i.sys_sem_valid     sys_arch.o
    0x0800df48   0x0800df48   0x0000002a   Code   RO        10800    i.sys_thread_new    sys_arch.o
    0x0800df72   0x0800df72   0x00000002   PAD
    0x0800df74   0x0800df74   0x000000c4   Code   RO         9973    i.sys_timeout       timeouts.o
    0x0800e038   0x0800e038   0x00000100   Code   RO         9974    i.sys_timeout_abs   timeouts.o
    0x0800e138   0x0800e138   0x00000024   Code   RO         9975    i.sys_timeouts_init  timeouts.o
    0x0800e15c   0x0800e15c   0x00000028   Code   RO         9976    i.sys_timeouts_sleeptime  timeouts.o
    0x0800e184   0x0800e184   0x000001b4   Code   RO         9384    i.tcp_abandon       tcp.o
    0x0800e338   0x0800e338   0x00000006   Code   RO         9385    i.tcp_abort         tcp.o
    0x0800e33e   0x0800e33e   0x0000000e   Code   RO         9386    i.tcp_accept        tcp.o
    0x0800e34c   0x0800e34c   0x0000009c   Code   RO         9387    i.tcp_accept_null   tcp.o
    0x0800e3e8   0x0800e3e8   0x000000ac   Code   RO         9388    i.tcp_alloc         tcp.o
    0x0800e494   0x0800e494   0x00000008   Code   RO         9389    i.tcp_arg           tcp.o
    0x0800e49c   0x0800e49c   0x00000154   Code   RO         9390    i.tcp_bind          tcp.o
    0x0800e5f0   0x0800e5f0   0x000000a4   Code   RO         9392    i.tcp_close         tcp.o
    0x0800e694   0x0800e694   0x000001cc   Code   RO         9393    i.tcp_close_shutdown  tcp.o
    0x0800e860   0x0800e860   0x000000d8   Code   RO         9394    i.tcp_close_shutdown_fin  tcp.o
    0x0800e938   0x0800e938   0x00000190   Code   RO         9810    i.tcp_create_segment  tcp_out.o
    0x0800eac8   0x0800eac8   0x000000bc   Code   RO         9397    i.tcp_eff_send_mss_netif  tcp.o
    0x0800eb84   0x0800eb84   0x0000025c   Code   RO         9811    i.tcp_enqueue_flags  tcp_out.o
    0x0800ede0   0x0800ede0   0x000000a4   Code   RO         9398    i.tcp_err           tcp.o
    0x0800ee84   0x0800ee84   0x00000074   Code   RO         9399    i.tcp_fasttmr       tcp.o
    0x0800eef8   0x0800eef8   0x00000090   Code   RO         9400    i.tcp_free          tcp.o
    0x0800ef88   0x0800ef88   0x00000148   Code   RO         9721    i.tcp_free_acked_segments  tcp_in.o
    0x0800f0d0   0x0800f0d0   0x00000098   Code   RO         9401    i.tcp_free_listen   tcp.o
    0x0800f168   0x0800f168   0x00000014   Code   RO         9402    i.tcp_free_ooseq    tcp.o
    0x0800f17c   0x0800f17c   0x00000028   Code   RO         9722    i.tcp_get_next_optbyte  tcp_in.o
    0x0800f1a4   0x0800f1a4   0x0000002c   Code   RO         9403    i.tcp_handle_closepend  tcp.o
    0x0800f1d0   0x0800f1d0   0x00000018   Code   RO         9404    i.tcp_init          tcp.o
    0x0800f1e8   0x0800f1e8   0x000006a8   Code   RO         9723    i.tcp_input         tcp_in.o
    0x0800f890   0x0800f890   0x000000d8   Code   RO         9724    i.tcp_input_delayed_close  tcp_in.o
    0x0800f968   0x0800f968   0x000000cc   Code   RO         9812    i.tcp_keepalive     tcp_out.o
    0x0800fa34   0x0800fa34   0x00000050   Code   RO         9405    i.tcp_kill_prio     tcp.o
    0x0800fa84   0x0800fa84   0x000000c0   Code   RO         9406    i.tcp_kill_state    tcp.o
    0x0800fb44   0x0800fb44   0x00000034   Code   RO         9407    i.tcp_kill_timewait  tcp.o
    0x0800fb78   0x0800fb78   0x000000c4   Code   RO         9408    i.tcp_listen_closed  tcp.o
    0x0800fc3c   0x0800fc3c   0x000001a8   Code   RO         9725    i.tcp_listen_input  tcp_in.o
    0x0800fde4   0x0800fde4   0x00000184   Code   RO         9410    i.tcp_listen_with_backlog_and_err  tcp.o
    0x0800ff68   0x0800ff68   0x00000050   Code   RO         9411    i.tcp_netif_ip_addr_changed  tcp.o
    0x0800ffb8   0x0800ffb8   0x000000c4   Code   RO         9412    i.tcp_netif_ip_addr_changed_pcblist  tcp.o
    0x0801007c   0x0801007c   0x00000006   Code   RO         9414    i.tcp_new_ip_type   tcp.o
    0x08010082   0x08010082   0x00000002   PAD
    0x08010084   0x08010084   0x00000064   Code   RO         9415    i.tcp_new_port      tcp.o
    0x080100e8   0x080100e8   0x00000098   Code   RO         9416    i.tcp_next_iss      tcp.o
    0x08010180   0x08010180   0x00000118   Code   RO         9726    i.tcp_oos_insert_segment  tcp_in.o
    0x08010298   0x08010298   0x0000030c   Code   RO         9813    i.tcp_output        tcp_out.o
    0x080105a4   0x080105a4   0x000000d8   Code   RO         9814    i.tcp_output_alloc_header  tcp_out.o
    0x0801067c   0x0801067c   0x0000011c   Code   RO         9815    i.tcp_output_alloc_header_common  tcp_out.o
    0x08010798   0x08010798   0x000000e8   Code   RO         9816    i.tcp_output_control_segment  tcp_out.o
    0x08010880   0x08010880   0x000000e0   Code   RO         9817    i.tcp_output_fill_options  tcp_out.o
    0x08010960   0x08010960   0x000001f4   Code   RO         9818    i.tcp_output_segment  tcp_out.o
    0x08010b54   0x08010b54   0x000000ac   Code   RO         9819    i.tcp_output_segment_busy  tcp_out.o
    0x08010c00   0x08010c00   0x000000fc   Code   RO         9727    i.tcp_parseopt      tcp_in.o
    0x08010cfc   0x08010cfc   0x00000158   Code   RO         9820    i.tcp_pbuf_prealloc  tcp_out.o
    0x08010e54   0x08010e54   0x000000d0   Code   RO         9417    i.tcp_pcb_purge     tcp.o
    0x08010f24   0x08010f24   0x00000194   Code   RO         9418    i.tcp_pcb_remove    tcp.o
    0x080110b8   0x080110b8   0x000000cc   Code   RO         9419    i.tcp_poll          tcp.o
    0x08011184   0x08011184   0x00000604   Code   RO         9728    i.tcp_process       tcp_in.o
    0x08011788   0x08011788   0x00000114   Code   RO         9420    i.tcp_process_refused_data  tcp.o
    0x0801189c   0x0801189c   0x000009dc   Code   RO         9729    i.tcp_receive       tcp_in.o
    0x08012278   0x08012278   0x000000a4   Code   RO         9421    i.tcp_recv          tcp.o
    0x0801231c   0x0801231c   0x000000b4   Code   RO         9422    i.tcp_recv_null     tcp.o
    0x080123d0   0x080123d0   0x00000104   Code   RO         9423    i.tcp_recved        tcp.o
    0x080124d4   0x080124d4   0x000000ac   Code   RO         9424    i.tcp_remove_listener  tcp.o
    0x08012580   0x08012580   0x000000f4   Code   RO         9821    i.tcp_rexmit        tcp_out.o
    0x08012674   0x08012674   0x000000f0   Code   RO         9822    i.tcp_rexmit_fast   tcp_out.o
    0x08012764   0x08012764   0x000000a4   Code   RO         9823    i.tcp_rexmit_rto    tcp_out.o
    0x08012808   0x08012808   0x000000b0   Code   RO         9824    i.tcp_rexmit_rto_commit  tcp_out.o
    0x080128b8   0x080128b8   0x00000114   Code   RO         9825    i.tcp_rexmit_rto_prepare  tcp_out.o
    0x080129cc   0x080129cc   0x00000012   Code   RO         9826    i.tcp_route         tcp_out.o
    0x080129de   0x080129de   0x00000002   PAD
    0x080129e0   0x080129e0   0x0000011c   Code   RO         9827    i.tcp_rst           tcp_out.o
    0x08012afc   0x08012afc   0x000000b0   Code   RO         9425    i.tcp_seg_copy      tcp.o
    0x08012bac   0x08012bac   0x0000001e   Code   RO         9426    i.tcp_seg_free      tcp.o
    0x08012bca   0x08012bca   0x00000014   Code   RO         9427    i.tcp_segs_free     tcp.o
    0x08012bde   0x08012bde   0x00000002   PAD
    0x08012be0   0x08012be0   0x000000f4   Code   RO         9828    i.tcp_send_empty_ack  tcp_out.o
    0x08012cd4   0x08012cd4   0x000000d4   Code   RO         9829    i.tcp_send_fin      tcp_out.o
    0x08012da8   0x08012da8   0x000000a4   Code   RO         9428    i.tcp_sent          tcp.o
    0x08012e4c   0x08012e4c   0x000000f0   Code   RO         9430    i.tcp_shutdown      tcp.o
    0x08012f3c   0x08012f3c   0x0000063c   Code   RO         9431    i.tcp_slowtmr       tcp.o
    0x08013578   0x08013578   0x0000024c   Code   RO         9830    i.tcp_split_unsent_seg  tcp_out.o
    0x080137c4   0x080137c4   0x00000034   Code   RO         9978    i.tcp_timer_needed  timeouts.o
    0x080137f8   0x080137f8   0x0000010c   Code   RO         9730    i.tcp_timewait_input  tcp_in.o
    0x08013904   0x08013904   0x00000024   Code   RO         9433    i.tcp_tmr           tcp.o
    0x08013928   0x08013928   0x00000010   Code   RO         9731    i.tcp_trigger_input_pcb_close  tcp_in.o
    0x08013938   0x08013938   0x000000fc   Code   RO         9435    i.tcp_update_rcv_ann_wnd  tcp.o
    0x08013a34   0x08013a34   0x00000714   Code   RO         9831    i.tcp_write         tcp_out.o
    0x08014148   0x08014148   0x00000188   Code   RO         9832    i.tcp_write_checks  tcp_out.o
    0x080142d0   0x080142d0   0x0000014c   Code   RO         9833    i.tcp_zero_window_probe  tcp_out.o
    0x0801441c   0x0801441c   0x00000114   Code   RO         8157    i.tcpip_init        tcpip.o
    0x08014530   0x08014530   0x000000c8   Code   RO         8158    i.tcpip_inpkt       tcpip.o
    0x080145f8   0x080145f8   0x00000020   Code   RO         8159    i.tcpip_input       tcpip.o
    0x08014618   0x08014618   0x00000020   Code   RO         8160    i.tcpip_send_msg_wait_sem  tcpip.o
    0x08014638   0x08014638   0x00000038   Code   RO         9979    i.tcpip_tcp_timer   timeouts.o
    0x08014670   0x08014670   0x000000bc   Code   RO         8161    i.tcpip_thread      tcpip.o
    0x0801472c   0x0801472c   0x000000d4   Code   RO         8162    i.tcpip_thread_handle_msg  tcpip.o
    0x08014800   0x08014800   0x00000060   Code   RO         8163    i.tcpip_timeouts_mbox_fetch  tcpip.o
    0x08014860   0x08014860   0x000000bc   Code   RO         8164    i.tcpip_try_callback  tcpip.o
    0x0801491c   0x0801491c   0x00000074   Code   RO          536    i.thread_MainTask   freertos.o
    0x08014990   0x08014990   0x00000008   Code   RO          537    i.thread_SecondTask  freertos.o
    0x08014998   0x08014998   0x00000114   Code   RO        10059    i.udp_bind          udp.o
    0x08014aac   0x08014aac   0x00000018   Code   RO        10063    i.udp_init          udp.o
    0x08014ac4   0x08014ac4   0x00000240   Code   RO        10064    i.udp_input         udp.o
    0x08014d04   0x08014d04   0x0000011c   Code   RO        10065    i.udp_input_local_match  udp.o
    0x08014e20   0x08014e20   0x00000038   Code   RO        10066    i.udp_netif_ip_addr_changed  udp.o
    0x08014e58   0x08014e58   0x00000024   Code   RO        10067    i.udp_new           udp.o
    0x08014e7c   0x08014e7c   0x00000004   Code   RO        10068    i.udp_new_ip_type   udp.o
    0x08014e80   0x08014e80   0x0000004c   Code   RO        10069    i.udp_new_port      udp.o
    0x08014ecc   0x08014ecc   0x00000088   Code   RO        10070    i.udp_recv          udp.o
    0x08014f54   0x08014f54   0x000000b4   Code   RO        10071    i.udp_remove        udp.o
    0x08015008   0x08015008   0x00000124   Code   RO        10073    i.udp_sendto        udp.o
    0x0801512c   0x0801512c   0x0000017c   Code   RO        10074    i.udp_sendto_if     udp.o
    0x080152a8   0x080152a8   0x000002a0   Code   RO        10075    i.udp_sendto_if_src  udp.o
    0x08015548   0x08015548   0x00000026   Code   RO         5128    i.uxListRemove      list.o
    0x0801556e   0x0801556e   0x00000026   Code   RO         5176    i.uxQueueMessagesWaiting  queue.o
    0x08015594   0x08015594   0x00000018   Code   RO         5177    i.uxQueueMessagesWaitingFromISR  queue.o
    0x080155ac   0x080155ac   0x00000014   Code   RO          538    i.vApplicationGetIdleTaskMemory  freertos.o
    0x080155c0   0x080155c0   0x00000016   Code   RO         5129    i.vListInitialise   list.o
    0x080155d6   0x080155d6   0x00000006   Code   RO         5130    i.vListInitialiseItem  list.o
    0x080155dc   0x080155dc   0x00000036   Code   RO         5131    i.vListInsert       list.o
    0x08015612   0x08015612   0x00000018   Code   RO         5132    i.vListInsertEnd    list.o
    0x0801562a   0x0801562a   0x00000002   PAD
    0x0801562c   0x0801562c   0x00000040   Code   RO         6308    i.vPortEnterCritical  port.o
    0x0801566c   0x0801566c   0x0000002c   Code   RO         6309    i.vPortExitCritical  port.o
    0x08015698   0x08015698   0x00000064   Code   RO         6239    i.vPortFree         heap_4.o
    0x080156fc   0x080156fc   0x00000024   Code   RO         6310    i.vPortSetupTimerInterrupt  port.o
    0x08015720   0x08015720   0x00000054   Code   RO         6311    i.vPortValidateInterruptPriority  port.o
    0x08015774   0x08015774   0x00000032   Code   RO         5180    i.vQueueDelete      queue.o
    0x080157a6   0x080157a6   0x00000002   PAD
    0x080157a8   0x080157a8   0x00000028   Code   RO         5181    i.vQueueUnregisterQueue  queue.o
    0x080157d0   0x080157d0   0x00000050   Code   RO         5529    i.vTaskDelay        tasks.o
    0x08015820   0x08015820   0x000000b0   Code   RO         5530    i.vTaskDelete       tasks.o
    0x080158d0   0x080158d0   0x00000010   Code   RO         5532    i.vTaskInternalSetTimeOutState  tasks.o
    0x080158e0   0x080158e0   0x0000000c   Code   RO         5533    i.vTaskMissedYield  tasks.o
    0x080158ec   0x080158ec   0x00000034   Code   RO         5535    i.vTaskPlaceOnEventList  tasks.o
    0x08015920   0x08015920   0x000000a8   Code   RO         5537    i.vTaskPriorityDisinheritAfterTimeout  tasks.o
    0x080159c8   0x080159c8   0x00000080   Code   RO         5540    i.vTaskResume       tasks.o
    0x08015a48   0x08015a48   0x00000088   Code   RO         5542    i.vTaskStartScheduler  tasks.o
    0x08015ad0   0x08015ad0   0x000000c0   Code   RO         5543    i.vTaskSuspend      tasks.o
    0x08015b90   0x08015b90   0x00000010   Code   RO         5544    i.vTaskSuspendAll   tasks.o
    0x08015ba0   0x08015ba0   0x00000060   Code   RO         5545    i.vTaskSwitchContext  tasks.o
    0x08015c00   0x08015c00   0x0000015c   Code   RO          349    i.ws_client_task    websocket.o
    0x08015d5c   0x08015d5c   0x0000009c   Code   RO          351    i.ws_server_task    websocket.o
    0x08015df8   0x08015df8   0x00000104   Code   RO         6312    i.xPortStartScheduler  port.o
    0x08015efc   0x08015efc   0x0000003c   Code   RO         5182    i.xQueueCreateCountingSemaphore  queue.o
    0x08015f38   0x08015f38   0x00000042   Code   RO         5183    i.xQueueCreateCountingSemaphoreStatic  queue.o
    0x08015f7a   0x08015f7a   0x00000018   Code   RO         5184    i.xQueueCreateMutex  queue.o
    0x08015f92   0x08015f92   0x0000001c   Code   RO         5185    i.xQueueCreateMutexStatic  queue.o
    0x08015fae   0x08015fae   0x00000044   Code   RO         5186    i.xQueueGenericCreate  queue.o
    0x08015ff2   0x08015ff2   0x00000070   Code   RO         5187    i.xQueueGenericCreateStatic  queue.o
    0x08016062   0x08016062   0x00000002   PAD
    0x08016064   0x08016064   0x00000090   Code   RO         5188    i.xQueueGenericReset  queue.o
    0x080160f4   0x080160f4   0x00000170   Code   RO         5189    i.xQueueGenericSend  queue.o
    0x08016264   0x08016264   0x000000be   Code   RO         5190    i.xQueueGenericSendFromISR  queue.o
    0x08016322   0x08016322   0x000000a0   Code   RO         5191    i.xQueueGiveFromISR  queue.o
    0x080163c2   0x080163c2   0x00000002   PAD
    0x080163c4   0x080163c4   0x00000148   Code   RO         5196    i.xQueueReceive     queue.o
    0x0801650c   0x0801650c   0x0000009a   Code   RO         5197    i.xQueueReceiveFromISR  queue.o
    0x080165a6   0x080165a6   0x00000002   PAD
    0x080165a8   0x080165a8   0x00000184   Code   RO         5198    i.xQueueSemaphoreTake  queue.o
    0x0801672c   0x0801672c   0x00000080   Code   RO         5547    i.xTaskCheckForTimeOut  tasks.o
    0x080167ac   0x080167ac   0x0000006c   Code   RO         5548    i.xTaskCreate       tasks.o
    0x08016818   0x08016818   0x00000060   Code   RO         5549    i.xTaskCreateStatic  tasks.o
    0x08016878   0x08016878   0x0000001c   Code   RO         5554    i.xTaskGetSchedulerState  tasks.o
    0x08016894   0x08016894   0x0000000c   Code   RO         5555    i.xTaskGetTickCount  tasks.o
    0x080168a0   0x080168a0   0x00000010   Code   RO         5556    i.xTaskGetTickCountFromISR  tasks.o
    0x080168b0   0x080168b0   0x000000d4   Code   RO         5557    i.xTaskIncrementTick  tasks.o
    0x08016984   0x08016984   0x0000009c   Code   RO         5560    i.xTaskPriorityDisinherit  tasks.o
    0x08016a20   0x08016a20   0x00000094   Code   RO         5561    i.xTaskPriorityInherit  tasks.o
    0x08016ab4   0x08016ab4   0x00000078   Code   RO         5562    i.xTaskRemoveFromEventList  tasks.o
    0x08016b2c   0x08016b2c   0x000000cc   Code   RO         5563    i.xTaskResumeAll    tasks.o
    0x08016bf8   0x08016bf8   0x00000038   Data   RO          540    .constdata          freertos.o
    0x08016c30   0x08016c30   0x00000028   Data   RO          896    .constdata          ethernetif.o
    0x08016c58   0x08016c58   0x0000001c   Data   RO         1109    .constdata          lwip.o
    0x08016c74   0x08016c74   0x0000001c   Data   RO         1349    .constdata          app_usart.o
    0x08016c90   0x08016c90   0x000000c0   Data   RO         4879    .constdata          base64.o
    0x08016d50   0x08016d50   0x00000010   Data   RO         4991    .constdata          system_stm32f4xx.o
    0x08016d60   0x08016d60   0x00000008   Data   RO         4992    .constdata          system_stm32f4xx.o
    0x08016d68   0x08016d68   0x00000006   Data   RO         6919    .constdata          ethernet.o
    0x08016d6e   0x08016d6e   0x00000006   Data   RO         6920    .constdata          ethernet.o
    0x08016d74   0x08016d74   0x00000003   Data   RO         7382    .constdata          api_msg.o
    0x08016d77   0x08016d77   0x00000001   PAD
    0x08016d78   0x08016d78   0x0000000c   Data   RO         8775    .constdata          memp.o
    0x08016d84   0x08016d84   0x0000000c   Data   RO         8776    .constdata          memp.o
    0x08016d90   0x08016d90   0x0000000c   Data   RO         8777    .constdata          memp.o
    0x08016d9c   0x08016d9c   0x0000000c   Data   RO         8778    .constdata          memp.o
    0x08016da8   0x08016da8   0x0000000c   Data   RO         8779    .constdata          memp.o
    0x08016db4   0x08016db4   0x0000000c   Data   RO         8780    .constdata          memp.o
    0x08016dc0   0x08016dc0   0x0000000c   Data   RO         8781    .constdata          memp.o
    0x08016dcc   0x08016dcc   0x0000000c   Data   RO         8782    .constdata          memp.o
    0x08016dd8   0x08016dd8   0x0000000c   Data   RO         8783    .constdata          memp.o
    0x08016de4   0x08016de4   0x0000000c   Data   RO         8784    .constdata          memp.o
    0x08016df0   0x08016df0   0x0000000c   Data   RO         8785    .constdata          memp.o
    0x08016dfc   0x08016dfc   0x0000000c   Data   RO         8786    .constdata          memp.o
    0x08016e08   0x08016e08   0x0000000c   Data   RO         8787    .constdata          memp.o
    0x08016e14   0x08016e14   0x0000000c   Data   RO         8788    .constdata          memp.o
    0x08016e20   0x08016e20   0x00000038   Data   RO         8789    .constdata          memp.o
    0x08016e58   0x08016e58   0x00000054   Data   RO         9436    .constdata          tcp.o
    0x08016eac   0x08016eac   0x00000020   Data   RO         9980    .constdata          timeouts.o
    0x08016ecc   0x08016ecc   0x00000004   Data   RO        10452    .constdata          ip4_addr.o
    0x08016ed0   0x08016ed0   0x00000018   Data   RO        10801    .constdata          sys_arch.o
    0x08016ee8   0x08016ee8   0x00000081   Data   RO        11549    .constdata          mc_w.l(ctype_o.o)
    0x08016f69   0x08016f69   0x00000003   PAD
    0x08016f6c   0x08016f6c   0x00000004   Data   RO        11550    .constdata          mc_w.l(ctype_o.o)
    0x08016f70   0x08016f70   0x000000d1   Data   RO          295    .conststring        http.o
    0x08017041   0x08017041   0x00000003   PAD
    0x08017044   0x08017044   0x00000015   Data   RO          541    .conststring        freertos.o
    0x08017059   0x08017059   0x00000003   PAD
    0x0801705c   0x0801705c   0x00000006   Data   RO          897    .conststring        ethernetif.o
    0x08017062   0x08017062   0x00000002   PAD
    0x08017064   0x08017064   0x00000008   Data   RO         1110    .conststring        lwip.o
    0x0801706c   0x0801706c   0x0000000e   Data   RO         1350    .conststring        app_usart.o
    0x0801707a   0x0801707a   0x00000002   PAD
    0x0801707c   0x0801707c   0x00000075   Data   RO         9437    .conststring        tcp.o
    0x080170f1   0x080170f1   0x00000003   PAD
    0x080170f4   0x080170f4   0x00000055   Data   RO         9834    .conststring        tcp_out.o
    0x08017149   0x08017149   0x00000003   PAD
    0x0801714c   0x0801714c   0x00000041   Data   RO        10240    .conststring        etharp.o
    0x0801718d   0x0801718d   0x00000003   PAD
    0x08017190   0x08017190   0x00000060   Data   RO          354    .conststrlit        websocket.o
    0x080171f0   0x080171f0   0x00000040   Data   RO        11967    Region$$Table       anon$$obj.o


    Execution Region RW_IRAM2 (Exec base: 0x10000000, Load base: 0x080172d8, Size: 0x000048e8, Max: 0x00010000, ABSOLUTE)

    Exec Addr    Load Addr    Size         Type   Attr      Idx    E Section Name        Object

    0x10000000   0x080172d8   0x00000010   Data   RW          296    .data               http.o
    0x10000010   0x080172e8   0x00000004   Data   RW          355    .data               websocket.o
    0x10000014   0x080172ec   0x00000004   Data   RW          899    .data               ethernetif.o
    0x10000018   0x080172f0   0x00000018   Data   RW         1111    .data               lwip.o
    0x10000030   0x08017308   0x00000004   Data   RW         4946    .data               platform_util.o
    0x10000034   0x0801730c   0x0000003c   Data   RW         5566    .data               tasks.o
    0x10000070   0x08017348   0x00000020   Data   RW         6245    .data               heap_4.o
    0x10000090   0x08017368   0x00000010   Data   RW         8165    .data               tcpip.o
    0x100000a0   0x08017378   0x0000000c   Data   RW         8407    .data               dns.o
    0x100000ac   0x08017384   0x00000004   Data   RW         8790    .data               memp.o
    0x100000b0   0x08017388   0x00000004   Data   RW         8792    .data               memp.o
    0x100000b4   0x0801738c   0x00000004   Data   RW         8794    .data               memp.o
    0x100000b8   0x08017390   0x00000004   Data   RW         8796    .data               memp.o
    0x100000bc   0x08017394   0x00000004   Data   RW         8798    .data               memp.o
    0x100000c0   0x08017398   0x00000004   Data   RW         8800    .data               memp.o
    0x100000c4   0x0801739c   0x00000004   Data   RW         8802    .data               memp.o
    0x100000c8   0x080173a0   0x00000024   Data   RW         9733    .data               tcp_in.o
    0x100000ec   0x080173c4   0x0000000c   Data   RW         9982    .data               timeouts.o
    0x100000f8   0x080173d0   0x00000008   Data   RW        10076    .data               udp.o
    0x10000100   0x080173d8   0x00000001   Data   RW        10241    .data               etharp.o
    0x10000101   0x080173d9   0x00000001   PAD
    0x10000102   0x080173da   0x00000002   Data   RW        10396    .data               ip4.o
    0x10000104   0x080173dc   0x00000004   Data   RW        10803    .data               sys_arch.o
    0x10000108   0x080173e0   0x00000004   Data   RW        11579    .data               mc_w.l(rand.o)
    0x1000010c        -       0x00000028   Zero   RW          610    .bss                can.o
    0x10000134        -       0x00000044   Zero   RW          694    .bss                usart.o
    0x10000178        -       0x00000248   Zero   RW          895    .bss                ethernetif.o
    0x100003c0        -       0x00000083   Zero   RW         8761    .bss                memp.o
    0x10000443        -       0x000000a3   Zero   RW         8765    .bss                memp.o
    0x100004e6        -       0x00000083   Zero   RW         8770    .bss                memp.o
    0x10000569        -       0x00000043   Zero   RW         8771    .bss                memp.o
    0x100005ac        -       0x00000137   Zero   RW         8772    .bss                memp.o
    0x100006e3        -       0x00000103   Zero   RW         8773    .bss                memp.o
    0x100007e6   0x080173e4   0x00000002   PAD
    0x100007e8        -       0x00000010   Zero   RW         9732    .bss                tcp_in.o
    0x100007f8        -       0x000000f0   Zero   RW        10239    .bss                etharp.o
    0x100008e8        -       0x00004000   Zero   RW            1    STACK               startup_stm32f407xx.o


    Execution Region RW_IRAM1 (Exec base: 0x20000000, Load base: 0x08017230, Size: 0x000148ec, Max: 0x00020000, ABSOLUTE, COMPRESSED[0x000000a8])

    Exec Addr    Load Addr    Size         Type   Attr      Idx    E Section Name        Object

    0x20000000   COMPRESSED   0x0000409c   Data   RW           15    .data               config.o
    0x2000409c   COMPRESSED   0x00000008   Data   RW          542    .data               freertos.o
    0x200040a4   COMPRESSED   0x00000020   Data   RW          898    .data               ethernetif.o
    0x200040c4   COMPRESSED   0x00000004   Data   RW         1351    .data               app_usart.o
    0x200040c8   COMPRESSED   0x0000000c   Data   RW         2514    .data               stm32f4xx_hal.o
    0x200040d4   COMPRESSED   0x00000004   Data   RW         4993    .data               system_stm32f4xx.o
    0x200040d8   COMPRESSED   0x0000000c   Data   RW         6313    .data               port.o
    0x200040e4   COMPRESSED   0x00000010   Data   RW         8681    .data               mem.o
    0x200040f4   COMPRESSED   0x00000004   Data   RW         8791    .data               memp.o
    0x200040f8   COMPRESSED   0x00000004   Data   RW         8793    .data               memp.o
    0x200040fc   COMPRESSED   0x00000004   Data   RW         8795    .data               memp.o
    0x20004100   COMPRESSED   0x00000004   Data   RW         8797    .data               memp.o
    0x20004104   COMPRESSED   0x00000004   Data   RW         8799    .data               memp.o
    0x20004108   COMPRESSED   0x00000004   Data   RW         8801    .data               memp.o
    0x2000410c   COMPRESSED   0x00000004   Data   RW         8803    .data               memp.o
    0x20004110   COMPRESSED   0x0000000c   Data   RW         8924    .data               netif.o
    0x2000411c   COMPRESSED   0x00000001   Data   RW         9125    .data               pbuf.o
    0x2000411d   COMPRESSED   0x00000003   PAD
    0x20004120   COMPRESSED   0x00000020   Data   RW         9438    .data               tcp.o
    0x20004140   COMPRESSED   0x00000008   Data   RW        10525    .data               ip4_frag.o
    0x20004148   COMPRESSED   0x00000004   Data   RW        11544    .data               mc_w.l(stdout.o)
    0x2000414c   COMPRESSED   0x00000004   Data   RW        11903    .data               mc_w.l(errno.o)
    0x20004150        -       0x00000818   Zero   RW           13    .bss                config.o
    0x20004968        -       0x00000096   Zero   RW          353    .bss                websocket.o
    0x200049fe   COMPRESSED   0x00000002   PAD
    0x20004a00        -       0x00000254   Zero   RW          539    .bss                freertos.o
    0x20004c54        -       0x00000010   Zero   RW          652    .bss                rng.o
    0x20004c64        -       0x00000048   Zero   RW          836    .bss                stm32f4xx_hal_timebase_tim.o
    0x20004cac        -       0x00004983   Zero   RW          894    .bss                ethernetif.o
    0x2000962f   COMPRESSED   0x00000001   PAD
    0x20009630        -       0x00000034   Zero   RW         1108    .bss                lwip.o
    0x20009664        -       0x00000040   Zero   RW         5199    .bss                queue.o
    0x200096a4        -       0x000000f0   Zero   RW         5565    .bss                tasks.o
    0x20009794        -       0x00007800   Zero   RW         6244    .bss                heap_4.o
    0x20010f94        -       0x00000480   Zero   RW         8405    .bss                dns.o
    0x20011414        -       0x00000018   Zero   RW         8647    .bss                ip.o
    0x2001142c        -       0x00000653   Zero   RW         8680    .bss                mem.o
    0x20011a7f        -       0x0000030f   Zero   RW         8762    .bss                memp.o
    0x20011d8e        -       0x000000e3   Zero   RW         8763    .bss                memp.o
    0x20011e71        -       0x00000103   Zero   RW         8764    .bss                memp.o
    0x20011f74        -       0x0000016b   Zero   RW         8766    .bss                memp.o
    0x200120df        -       0x00000043   Zero   RW         8767    .bss                memp.o
    0x20012122        -       0x00000143   Zero   RW         8768    .bss                memp.o
    0x20012265        -       0x00000083   Zero   RW         8769    .bss                memp.o
    0x200122e8        -       0x00002603   Zero   RW         8774    .bss                memp.o


==============================================================================

Image component sizes


      Code (inc. data)   RO Data    RW Data    ZI Data      Debug   Object Name

      3004       1430          0          0          0      44206   api_lib.o
      6782       2840          3          0          0      39763   api_msg.o
       148         62         42          4          0       4278   app_usart.o
         0          0          0          0          0       2184   auth.o
       308         10        192          0          0       2356   base64.o
         0          0          0          0          0       6479   bridgeif.o
       196         24          0          0         40       1697   can.o
      1036         26          0          0          0      39480   cmsis_os.o
         0          0          0      16540       2072     844596   config.o
        34          0          0          0          0       1106   def.o
      1034        296          0         12       1152      11337   dns.o
       450          0          0          0          0       3098   dp83848.o
         0          0          0          0          0       2420   err.o
      3072       1188         65          1        240      13167   etharp.o
       420        152         12          0          0       2782   ethernet.o
      1574        216         46         36      19403      38582   ethernetif.o
         0          0          0          0          0      19892   event_groups.o
       208         52         77          8        596      14587   freertos.o
       252         22          0          0          0       1067   gpio.o
       504         32          0         32      30720       7583   heap_4.o
       774         98        209         16          0      15497   http.o
       832        348          0          0          0       4722   icmp.o
        38          0          0          0          0      10115   init.o
         0          0          0          0         24       3218   ip.o
      1020        182          0          2          0       5868   ip4.o
        80          0          4          0          0       8862   ip4_addr.o
      3142       1166          0          8          0      13322   ip4_frag.o
       144          0          0          0          0      12750   list.o
       346         26         36         24         52       3065   lwip.o
       220         16          0          0          0       7272   main.o
         2          0          0          0          0        458   mbedtls.o
      2352       1060          0         16       1619       8981   mem.o
      1054        718        224         56      12946      12654   memp.o
       312        182          0          0          0       2046   netbuf.o
      1850        994          0         12          0      16230   netif.o
      4276       2132          0          1          0      22971   pbuf.o
        16          6          0          4          0       1459   platform_util.o
       814         92          0         12          0      11993   port.o
      2616         28          0          0         64      29836   queue.o
        76         18          0          0         16       1531   rng.o
      5332         42          0          0          0       9584   sha1.o
        36          8        392          0      16384        836   startup_stm32f407xx.o
       120         20          0         12          0       8874   stm32f4xx_hal.o
       950          0          0          0          0      10507   stm32f4xx_hal_can.o
       168         12          0          0          0      32846   stm32f4xx_hal_cortex.o
      3410         70          0          0          0      22668   stm32f4xx_hal_eth.o
       602         24          0          0          0       2376   stm32f4xx_hal_gpio.o
        56          4          0          0          0        870   stm32f4xx_hal_msp.o
       124         14          0          0          0       1304   stm32f4xx_hal_pwr_ex.o
      1942        130          0          0          0       8129   stm32f4xx_hal_rcc.o
       186          0          0          0          0       2062   stm32f4xx_hal_rng.o
       816         22          0          0          0       6586   stm32f4xx_hal_tim.o
         4          0          0          0          0       1569   stm32f4xx_hal_tim_ex.o
       140         20          0          0         72       1427   stm32f4xx_hal_timebase_tim.o
       694          4          0          0          0       4148   stm32f4xx_hal_uart.o
        48         18          0          0          0       4211   stm32f4xx_it.o
       560         24         24          4          0      19896   sys_arch.o
        28          8         24          4          0       1155   system_stm32f4xx.o
      3062        274          0         60        240      33747   tasks.o
      8648       4314        201         32          0      45336   tcp.o
      7592       2028          0         36         16      23927   tcp_in.o
      8942       4062         85          0          0      34942   tcp_out.o
      1224        684          0         16          0       9022   tcpip.o
       768        370         32         12          0       7511   timeouts.o
      2992       1398          0          8          0      14438   udp.o
       160         20          0          0         68       1722   usart.o
         0          0          0          0          0        392   utils.o
       698        110         96          4        150       6759   websocket.o

    ----------------------------------------------------------------------
     88364      27096       1848      16976      85880    1610354   Object Totals
         0          0         64          0          0          0   (incl. Generated)
        76          0         20          4          6          0   (incl. Padding)

    ----------------------------------------------------------------------

      Code (inc. data)   RO Data    RW Data    ZI Data      Debug   Library Member Name

        86          0          0          0          0          0   __dczerorl2.o
        28          0          0          0          0         68   _chval.o
       158          0          0          0          0         92   _strtoul.o
         8          4        133          0          0         68   ctype_o.o
         0          0          0          0          0          0   entry.o
         0          0          0          0          0          0   entry10a.o
         0          0          0          0          0          0   entry11a.o
         4          0          0          0          0          0   entry12b.o
         8          4          0          0          0          0   entry2.o
         4          0          0          0          0          0   entry5.o
         0          0          0          0          0          0   entry7b.o
         0          0          0          0          0          0   entry8b.o
         8          4          0          0          0          0   entry9a.o
         8          4          0          4          0         68   errno.o
        30          0          0          0          0          0   handlers.o
        36          8          0          0          0         68   init.o
         0          0          0          0          0          0   iusefp.o
        30          0          0          0          0         68   llshl.o
        36          0          0          0          0         68   llsshr.o
        32          0          0          0          0         68   llushr.o
        26          0          0          0          0         80   memcmp.o
        64          0          0          0          0         76   memmovea.o
        36          0          0          0          0        108   memseta.o
      2268         96          0          0          0        616   printfa.o
        36         10          0          4          0        136   rand.o
         0          0          0          4          0          0   stdout.o
        24          0          0          0          0         68   strcat.o
        20          0          0          0          0         68   strchr.o
        14          0          0          0          0         68   strlen.o
        40          0          0          0          0         76   strncat.o
        30          0          0          0          0         80   strncmp.o
        24          0          0          0          0         76   strncpy.o
        36          0          0          0          0         80   strstr.o
       112          0          0          0          0         88   strtol.o
        44          0          0          0          0         80   uidiv.o
        98          0          0          0          0         92   uldiv.o
        48          0          0          0          0         68   cdrcmple.o
       334          0          0          0          0        148   dadd.o
       222          0          0          0          0        100   ddiv.o
       186          0          0          0          0        176   depilogue.o
        48          0          0          0          0         68   dfixul.o
       228          0          0          0          0         96   dmul.o

    ----------------------------------------------------------------------
      4420        130        136         12          0       3016   Library Totals
         6          0          3          0          0          0   (incl. Padding)

    ----------------------------------------------------------------------

      Code (inc. data)   RO Data    RW Data    ZI Data      Debug   Library Name

      3348        130        133         12          0       2360   mc_w.l
      1066          0          0          0          0        656   mf_w.l

    ----------------------------------------------------------------------
      4420        130        136         12          0       3016   Library Totals

    ----------------------------------------------------------------------

==============================================================================


      Code (inc. data)   RO Data    RW Data    ZI Data      Debug   

     92784      27226       1984      16988      85880    1561742   Grand Totals
     92784      27226       1984        436      85880    1561742   ELF Image Totals (compressed)
     92784      27226       1984        436          0          0   ROM Totals

==============================================================================

    Total RO  Size (Code + RO Data)                94768 (  92.55kB)
    Total RW  Size (RW Data + ZI Data)            102868 ( 100.46kB)
    Total ROM Size (Code + RO Data + RW Data)      95204 (  92.97kB)

==============================================================================

